[33mgpu id (to use): 4,5,6,7[0m
W0420 02:29:59.072000 124041417852736 torch/distributed/run.py:779] 
W0420 02:29:59.072000 124041417852736 torch/distributed/run.py:779] *****************************************
W0420 02:29:59.072000 124041417852736 torch/distributed/run.py:779] Setting OMP_NUM_THREADS environment variable for each process to be 1 in default, to avoid your system being overloaded, please further tune the variable for optimal performance in your application as needed. 
W0420 02:29:59.072000 124041417852736 torch/distributed/run.py:779] *****************************************
configing model
configing model
configing model
configing model
[2025-04-20 02:30:05,433][diffusion_policy.model.diffusion.conditional_unet1d][INFO] - number of parameters: 8.540071e+07
model configed
[2025-04-20 02:30:05,549][diffusion_policy.model.diffusion.conditional_unet1d][INFO] - number of parameters: 8.540071e+07
model configed
[2025-04-20 02:30:05,674][diffusion_policy.model.diffusion.conditional_unet1d][INFO] - number of parameters: 8.540071e+07
model configed
[2025-04-20 02:30:05,677][diffusion_policy.model.diffusion.conditional_unet1d][INFO] - number of parameters: 8.540071e+07
model configed
model to device done
model to DDP
model to device done
model to DDP
model to device done
model to DDP
model to device done
model to DDP
em10:1114299:1114299 [0] NCCL INFO Bootstrap : Using ibp134s0:10.55.10.180<0>
em10:1114299:1114299 [0] NCCL INFO NET/Plugin : dlerror=libnccl-net.so: cannot open shared object file: No such file or directory No plugin found (libnccl-net.so), using internal implementation
em10:1114299:1114299 [0] NCCL INFO cudaDriverVersion 12050
NCCL version 2.20.5+cuda11.0
em10:1114302:1114302 [3] NCCL INFO cudaDriverVersion 12050
em10:1114302:1114302 [3] NCCL INFO Bootstrap : Using ibp134s0:10.55.10.180<0>
em10:1114302:1114302 [3] NCCL INFO NET/Plugin : dlerror=libnccl-net.so: cannot open shared object file: No such file or directory No plugin found (libnccl-net.so), using internal implementation
em10:1114301:1114301 [2] NCCL INFO cudaDriverVersion 12050
em10:1114301:1114301 [2] NCCL INFO Bootstrap : Using ibp134s0:10.55.10.180<0>
em10:1114301:1114301 [2] NCCL INFO NET/Plugin : dlerror=libnccl-net.so: cannot open shared object file: No such file or directory No plugin found (libnccl-net.so), using internal implementation
em10:1114300:1114300 [1] NCCL INFO cudaDriverVersion 12050
em10:1114300:1114300 [1] NCCL INFO Bootstrap : Using ibp134s0:10.55.10.180<0>
em10:1114300:1114300 [1] NCCL INFO NET/Plugin : dlerror=libnccl-net.so: cannot open shared object file: No such file or directory No plugin found (libnccl-net.so), using internal implementation
em10:1114299:1114299 [0] NCCL INFO init.cc:1732 Cuda Host Alloc Size 4 pointer 0x734c57600000
em10:1114299:1115180 [0] NCCL INFO NET/IB : Using [0]irdma1:1/RoCE [1]mlx5_0:1/IB [RO]; OOB ibp134s0:10.55.10.180<0>
em10:1114299:1115180 [0] NCCL INFO Using non-device net plugin version 0
em10:1114299:1115180 [0] NCCL INFO Using network IB
em10:1114300:1114300 [1] NCCL INFO init.cc:1732 Cuda Host Alloc Size 4 pointer 0x78a41b600000
em10:1114301:1114301 [2] NCCL INFO init.cc:1732 Cuda Host Alloc Size 4 pointer 0x7ea5d7600000
em10:1114300:1115184 [1] NCCL INFO NET/IB : Using [0]irdma1:1/RoCE [1]mlx5_0:1/IB [RO]; OOB ibp134s0:10.55.10.180<0>
em10:1114300:1115184 [1] NCCL INFO Using non-device net plugin version 0
em10:1114300:1115184 [1] NCCL INFO Using network IB
em10:1114301:1115185 [2] NCCL INFO NET/IB : Using [0]irdma1:1/RoCE [1]mlx5_0:1/IB [RO]; OOB ibp134s0:10.55.10.180<0>
em10:1114301:1115185 [2] NCCL INFO Using non-device net plugin version 0
em10:1114301:1115185 [2] NCCL INFO Using network IB
em10:1114302:1114302 [3] NCCL INFO init.cc:1732 Cuda Host Alloc Size 4 pointer 0x7d0e6b600000
em10:1114302:1115190 [3] NCCL INFO NET/IB : Using [0]irdma1:1/RoCE [1]mlx5_0:1/IB [RO]; OOB ibp134s0:10.55.10.180<0>
em10:1114302:1115190 [3] NCCL INFO Using non-device net plugin version 0
em10:1114302:1115190 [3] NCCL INFO Using network IB
em10:1114302:1115190 [3] NCCL INFO comm 0xb26b9e0 rank 3 nranks 4 cudaDev 3 nvmlDev 7 busId 41000 commId 0x559dc49b969a4797 - Init START
em10:1114300:1115184 [1] NCCL INFO comm 0xa3b5860 rank 1 nranks 4 cudaDev 1 nvmlDev 5 busId 3f000 commId 0x559dc49b969a4797 - Init START
em10:1114301:1115185 [2] NCCL INFO comm 0xa061600 rank 2 nranks 4 cudaDev 2 nvmlDev 6 busId 40000 commId 0x559dc49b969a4797 - Init START
em10:1114299:1115180 [0] NCCL INFO comm 0xa0787f0 rank 0 nranks 4 cudaDev 0 nvmlDev 4 busId 3d000 commId 0x559dc49b969a4797 - Init START
em10:1114300:1115184 [1] NCCL INFO NET/IB : GPU Direct RDMA Disabled for HCA 0 'irdma1'
em10:1114300:1115184 [1] NCCL INFO NET/IB : GPU Direct RDMA Disabled for HCA 1 'mlx5_0'
em10:1114302:1115190 [3] NCCL INFO NET/IB : GPU Direct RDMA Disabled for HCA 0 'irdma1'
em10:1114302:1115190 [3] NCCL INFO NET/IB : GPU Direct RDMA Disabled for HCA 1 'mlx5_0'
em10:1114301:1115185 [2] NCCL INFO NET/IB : GPU Direct RDMA Disabled for HCA 0 'irdma1'
em10:1114301:1115185 [2] NCCL INFO NET/IB : GPU Direct RDMA Disabled for HCA 1 'mlx5_0'
em10:1114300:1115184 [1] NCCL INFO transport/p2p.cc:169 Cuda Alloc Size 2097152 pointer 0x78a41b800000
em10:1114299:1115180 [0] NCCL INFO NET/IB : GPU Direct RDMA Disabled for HCA 0 'irdma1'
em10:1114299:1115180 [0] NCCL INFO NET/IB : GPU Direct RDMA Disabled for HCA 1 'mlx5_0'
em10:1114300:1115184 [1] NCCL INFO === System : maxBw 240.0 totalBw 240.0 ===
em10:1114300:1115184 [1] NCCL INFO CPU/0 (1/1/2)
em10:1114300:1115184 [1] NCCL INFO + PCI[12.0] - PCI/3B000 (10b5979710b59797)
em10:1114300:1115184 [1] NCCL INFO               + PCI[12.0] - GPU/3D000 (0)
em10:1114300:1115184 [1] NCCL INFO                             + NVL[160.0] - GPU/3F000
em10:1114302:1115190 [3] NCCL INFO transport/p2p.cc:169 Cuda Alloc Size 2097152 pointer 0x7d0e6b800000
em10:1114300:1115184 [1] NCCL INFO               + PCI[12.0] - GPU/3F000 (1)
em10:1114300:1115184 [1] NCCL INFO                             + NVL[160.0] - GPU/3D000
em10:1114300:1115184 [1] NCCL INFO               + PCI[12.0] - GPU/40000 (2)
em10:1114300:1115184 [1] NCCL INFO                             + NVL[240.0] - GPU/41000
em10:1114300:1115184 [1] NCCL INFO               + PCI[12.0] - GPU/41000 (3)
em10:1114300:1115184 [1] NCCL INFO                             + NVL[240.0] - GPU/40000
em10:1114300:1115184 [1] NCCL INFO + SYS[10.0] - CPU/1
em10:1114300:1115184 [1] NCCL INFO + PCI[6.0] - PCI/5E000 (808637c080860000)
em10:1114300:1115184 [1] NCCL INFO              + PCI[0.2] - NIC/60000
em10:1114300:1115184 [1] NCCL INFO CPU/1 (1/1/2)
em10:1114300:1115184 [1] NCCL INFO + PCI[12.0] - NIC/86000
em10:1114300:1115184 [1] NCCL INFO + SYS[10.0] - CPU/0
em10:1114300:1115184 [1] NCCL INFO ==========================================
em10:1114300:1115184 [1] NCCL INFO GPU/3D000 :GPU/3D000 (0/5000.000000/LOC) GPU/3F000 (1/160.000000/NVL) GPU/40000 (2/12.000000/PIX) GPU/41000 (2/12.000000/PIX) CPU/0 (2/12.000000/PHB) CPU/1 (3/10.000000/SYS) 
em10:1114300:1115184 [1] NCCL INFO GPU/3F000 :GPU/3D000 (1/160.000000/NVL) GPU/3F000 (0/5000.000000/LOC) GPU/40000 (2/12.000000/PIX) GPU/41000 (2/12.000000/PIX) CPU/0 (2/12.000000/PHB) CPU/1 (3/10.000000/SYS) 
em10:1114300:1115184 [1] NCCL INFO GPU/40000 :GPU/3D000 (2/12.000000/PIX) GPU/3F000 (2/12.000000/PIX) GPU/40000 (0/5000.000000/LOC) GPU/41000 (1/240.000000/NVL) CPU/0 (2/12.000000/PHB) CPU/1 (3/10.000000/SYS) 
em10:1114302:1115190 [3] NCCL INFO === System : maxBw 240.0 totalBw 240.0 ===
em10:1114300:1115184 [1] NCCL INFO GPU/41000 :GPU/3D000 (2/12.000000/PIX) GPU/3F000 (2/12.000000/PIX) GPU/40000 (1/240.000000/NVL) GPU/41000 (0/5000.000000/LOC) CPU/0 (2/12.000000/PHB) CPU/1 (3/10.000000/SYS) 
em10:1114302:1115190 [3] NCCL INFO CPU/0 (1/1/2)
em10:1114300:1115184 [1] NCCL INFO Setting affinity for GPU 5 to ff,ffff0000,00ffffff
em10:1114302:1115190 [3] NCCL INFO + PCI[12.0] - PCI/3B000 (10b5979710b59797)
em10:1114301:1115185 [2] NCCL INFO transport/p2p.cc:169 Cuda Alloc Size 2097152 pointer 0x7ea5d7800000
em10:1114302:1115190 [3] NCCL INFO               + PCI[12.0] - GPU/3D000 (0)
em10:1114302:1115190 [3] NCCL INFO                             + NVL[160.0] - GPU/3F000
em10:1114302:1115190 [3] NCCL INFO               + PCI[12.0] - GPU/3F000 (1)
em10:1114302:1115190 [3] NCCL INFO                             + NVL[160.0] - GPU/3D000
em10:1114302:1115190 [3] NCCL INFO               + PCI[12.0] - GPU/40000 (2)
em10:1114302:1115190 [3] NCCL INFO                             + NVL[240.0] - GPU/41000
em10:1114302:1115190 [3] NCCL INFO               + PCI[12.0] - GPU/41000 (3)
em10:1114302:1115190 [3] NCCL INFO                             + NVL[240.0] - GPU/40000
em10:1114302:1115190 [3] NCCL INFO + SYS[10.0] - CPU/1
em10:1114302:1115190 [3] NCCL INFO + PCI[6.0] - PCI/5E000 (808637c080860000)
em10:1114302:1115190 [3] NCCL INFO              + PCI[0.2] - NIC/60000
em10:1114302:1115190 [3] NCCL INFO CPU/1 (1/1/2)
em10:1114302:1115190 [3] NCCL INFO + PCI[12.0] - NIC/86000
em10:1114302:1115190 [3] NCCL INFO + SYS[10.0] - CPU/0
em10:1114302:1115190 [3] NCCL INFO ==========================================
em10:1114302:1115190 [3] NCCL INFO GPU/3D000 :GPU/3D000 (0/5000.000000/LOC) GPU/3F000 (1/160.000000/NVL) GPU/40000 (2/12.000000/PIX) GPU/41000 (2/12.000000/PIX) CPU/0 (2/12.000000/PHB) CPU/1 (3/10.000000/SYS) 
em10:1114302:1115190 [3] NCCL INFO GPU/3F000 :GPU/3D000 (1/160.000000/NVL) GPU/3F000 (0/5000.000000/LOC) GPU/40000 (2/12.000000/PIX) GPU/41000 (2/12.000000/PIX) CPU/0 (2/12.000000/PHB) CPU/1 (3/10.000000/SYS) 
em10:1114299:1115180 [0] NCCL INFO transport/p2p.cc:169 Cuda Alloc Size 2097152 pointer 0x734c57800000
em10:1114302:1115190 [3] NCCL INFO GPU/40000 :GPU/3D000 (2/12.000000/PIX) GPU/3F000 (2/12.000000/PIX) GPU/40000 (0/5000.000000/LOC) GPU/41000 (1/240.000000/NVL) CPU/0 (2/12.000000/PHB) CPU/1 (3/10.000000/SYS) 
em10:1114302:1115190 [3] NCCL INFO GPU/41000 :GPU/3D000 (2/12.000000/PIX) GPU/3F000 (2/12.000000/PIX) GPU/40000 (1/240.000000/NVL) GPU/41000 (0/5000.000000/LOC) CPU/0 (2/12.000000/PHB) CPU/1 (3/10.000000/SYS) 
em10:1114302:1115190 [3] NCCL INFO Setting affinity for GPU 7 to ff,ffff0000,00ffffff
em10:1114301:1115185 [2] NCCL INFO === System : maxBw 240.0 totalBw 240.0 ===
em10:1114301:1115185 [2] NCCL INFO CPU/0 (1/1/2)
em10:1114301:1115185 [2] NCCL INFO + PCI[12.0] - PCI/3B000 (10b5979710b59797)
em10:1114301:1115185 [2] NCCL INFO               + PCI[12.0] - GPU/3D000 (0)
em10:1114301:1115185 [2] NCCL INFO                             + NVL[160.0] - GPU/3F000
em10:1114301:1115185 [2] NCCL INFO               + PCI[12.0] - GPU/3F000 (1)
em10:1114301:1115185 [2] NCCL INFO                             + NVL[160.0] - GPU/3D000
em10:1114301:1115185 [2] NCCL INFO               + PCI[12.0] - GPU/40000 (2)
em10:1114301:1115185 [2] NCCL INFO                             + NVL[240.0] - GPU/41000
em10:1114301:1115185 [2] NCCL INFO               + PCI[12.0] - GPU/41000 (3)
em10:1114301:1115185 [2] NCCL INFO                             + NVL[240.0] - GPU/40000
em10:1114301:1115185 [2] NCCL INFO + SYS[10.0] - CPU/1
em10:1114301:1115185 [2] NCCL INFO + PCI[6.0] - PCI/5E000 (808637c080860000)
em10:1114299:1115180 [0] NCCL INFO === System : maxBw 240.0 totalBw 240.0 ===
em10:1114301:1115185 [2] NCCL INFO              + PCI[0.2] - NIC/60000
em10:1114299:1115180 [0] NCCL INFO CPU/0 (1/1/2)
em10:1114301:1115185 [2] NCCL INFO CPU/1 (1/1/2)
em10:1114299:1115180 [0] NCCL INFO + PCI[12.0] - PCI/3B000 (10b5979710b59797)
em10:1114301:1115185 [2] NCCL INFO + PCI[12.0] - NIC/86000
em10:1114299:1115180 [0] NCCL INFO               + PCI[12.0] - GPU/3D000 (0)
em10:1114301:1115185 [2] NCCL INFO + SYS[10.0] - CPU/0
em10:1114299:1115180 [0] NCCL INFO                             + NVL[160.0] - GPU/3F000
em10:1114301:1115185 [2] NCCL INFO ==========================================
em10:1114299:1115180 [0] NCCL INFO               + PCI[12.0] - GPU/3F000 (1)
em10:1114299:1115180 [0] NCCL INFO                             + NVL[160.0] - GPU/3D000
em10:1114299:1115180 [0] NCCL INFO               + PCI[12.0] - GPU/40000 (2)
em10:1114299:1115180 [0] NCCL INFO                             + NVL[240.0] - GPU/41000
em10:1114301:1115185 [2] NCCL INFO GPU/3D000 :GPU/3D000 (0/5000.000000/LOC) GPU/3F000 (1/160.000000/NVL) GPU/40000 (2/12.000000/PIX) GPU/41000 (2/12.000000/PIX) CPU/0 (2/12.000000/PHB) CPU/1 (3/10.000000/SYS) 
em10:1114299:1115180 [0] NCCL INFO               + PCI[12.0] - GPU/41000 (3)
em10:1114299:1115180 [0] NCCL INFO                             + NVL[240.0] - GPU/40000
em10:1114299:1115180 [0] NCCL INFO + SYS[10.0] - CPU/1
em10:1114301:1115185 [2] NCCL INFO GPU/3F000 :GPU/3D000 (1/160.000000/NVL) GPU/3F000 (0/5000.000000/LOC) GPU/40000 (2/12.000000/PIX) GPU/41000 (2/12.000000/PIX) CPU/0 (2/12.000000/PHB) CPU/1 (3/10.000000/SYS) 
em10:1114299:1115180 [0] NCCL INFO + PCI[6.0] - PCI/5E000 (808637c080860000)
em10:1114299:1115180 [0] NCCL INFO              + PCI[0.2] - NIC/60000
em10:1114299:1115180 [0] NCCL INFO CPU/1 (1/1/2)
em10:1114301:1115185 [2] NCCL INFO GPU/40000 :GPU/3D000 (2/12.000000/PIX) GPU/3F000 (2/12.000000/PIX) GPU/40000 (0/5000.000000/LOC) GPU/41000 (1/240.000000/NVL) CPU/0 (2/12.000000/PHB) CPU/1 (3/10.000000/SYS) 
em10:1114299:1115180 [0] NCCL INFO + PCI[12.0] - NIC/86000
em10:1114299:1115180 [0] NCCL INFO + SYS[10.0] - CPU/0
em10:1114299:1115180 [0] NCCL INFO ==========================================
em10:1114301:1115185 [2] NCCL INFO GPU/41000 :GPU/3D000 (2/12.000000/PIX) GPU/3F000 (2/12.000000/PIX) GPU/40000 (1/240.000000/NVL) GPU/41000 (0/5000.000000/LOC) CPU/0 (2/12.000000/PHB) CPU/1 (3/10.000000/SYS) 
em10:1114299:1115180 [0] NCCL INFO GPU/3D000 :GPU/3D000 (0/5000.000000/LOC) GPU/3F000 (1/160.000000/NVL) GPU/40000 (2/12.000000/PIX) GPU/41000 (2/12.000000/PIX) CPU/0 (2/12.000000/PHB) CPU/1 (3/10.000000/SYS) 
em10:1114301:1115185 [2] NCCL INFO Setting affinity for GPU 6 to ff,ffff0000,00ffffff
em10:1114299:1115180 [0] NCCL INFO GPU/3F000 :GPU/3D000 (1/160.000000/NVL) GPU/3F000 (0/5000.000000/LOC) GPU/40000 (2/12.000000/PIX) GPU/41000 (2/12.000000/PIX) CPU/0 (2/12.000000/PHB) CPU/1 (3/10.000000/SYS) 
em10:1114299:1115180 [0] NCCL INFO GPU/40000 :GPU/3D000 (2/12.000000/PIX) GPU/3F000 (2/12.000000/PIX) GPU/40000 (0/5000.000000/LOC) GPU/41000 (1/240.000000/NVL) CPU/0 (2/12.000000/PHB) CPU/1 (3/10.000000/SYS) 
em10:1114299:1115180 [0] NCCL INFO GPU/41000 :GPU/3D000 (2/12.000000/PIX) GPU/3F000 (2/12.000000/PIX) GPU/40000 (1/240.000000/NVL) GPU/41000 (0/5000.000000/LOC) CPU/0 (2/12.000000/PHB) CPU/1 (3/10.000000/SYS) 
em10:1114299:1115180 [0] NCCL INFO Setting affinity for GPU 4 to ff,ffff0000,00ffffff
em10:1114302:1115190 [3] NCCL INFO Pattern 4, crossNic 0, nChannels 2, bw 12.000000/12.000000, type PIX/PIX, sameChannels 0
em10:1114302:1115190 [3] NCCL INFO  0 : GPU/0 GPU/1 GPU/2 GPU/3
em10:1114302:1115190 [3] NCCL INFO  1 : GPU/0 GPU/3 GPU/2 GPU/1
em10:1114302:1115190 [3] NCCL INFO Pattern 1, crossNic 0, nChannels 2, bw 12.000000/12.000000, type PIX/PIX, sameChannels 0
em10:1114302:1115190 [3] NCCL INFO  0 : GPU/0 GPU/1 GPU/2 GPU/3
em10:1114302:1115190 [3] NCCL INFO  1 : GPU/0 GPU/3 GPU/2 GPU/1
em10:1114300:1115184 [1] NCCL INFO Pattern 4, crossNic 0, nChannels 2, bw 12.000000/12.000000, type PIX/PIX, sameChannels 0
em10:1114300:1115184 [1] NCCL INFO  0 : GPU/0 GPU/1 GPU/2 GPU/3
em10:1114300:1115184 [1] NCCL INFO  1 : GPU/0 GPU/3 GPU/2 GPU/1
em10:1114300:1115184 [1] NCCL INFO Pattern 1, crossNic 0, nChannels 2, bw 12.000000/12.000000, type PIX/PIX, sameChannels 0
em10:1114300:1115184 [1] NCCL INFO  0 : GPU/0 GPU/1 GPU/2 GPU/3
em10:1114300:1115184 [1] NCCL INFO  1 : GPU/0 GPU/3 GPU/2 GPU/1
em10:1114301:1115185 [2] NCCL INFO Pattern 4, crossNic 0, nChannels 2, bw 12.000000/12.000000, type PIX/PIX, sameChannels 0
em10:1114301:1115185 [2] NCCL INFO  0 : GPU/0 GPU/1 GPU/2 GPU/3
em10:1114301:1115185 [2] NCCL INFO  1 : GPU/0 GPU/3 GPU/2 GPU/1
em10:1114301:1115185 [2] NCCL INFO Pattern 1, crossNic 0, nChannels 2, bw 12.000000/12.000000, type PIX/PIX, sameChannels 0
em10:1114301:1115185 [2] NCCL INFO  0 : GPU/0 GPU/1 GPU/2 GPU/3
em10:1114301:1115185 [2] NCCL INFO  1 : GPU/0 GPU/3 GPU/2 GPU/1
em10:1114299:1115180 [0] NCCL INFO Pattern 4, crossNic 0, nChannels 2, bw 12.000000/12.000000, type PIX/PIX, sameChannels 0
em10:1114299:1115180 [0] NCCL INFO  0 : GPU/0 GPU/1 GPU/2 GPU/3
em10:1114299:1115180 [0] NCCL INFO  1 : GPU/0 GPU/3 GPU/2 GPU/1
em10:1114299:1115180 [0] NCCL INFO Pattern 1, crossNic 0, nChannels 2, bw 12.000000/12.000000, type PIX/PIX, sameChannels 0
em10:1114299:1115180 [0] NCCL INFO  0 : GPU/0 GPU/1 GPU/2 GPU/3
em10:1114299:1115180 [0] NCCL INFO  1 : GPU/0 GPU/3 GPU/2 GPU/1
em10:1114299:1115180 [0] NCCL INFO comm 0xa0787f0 rank 0 nRanks 4 nNodes 1 localRanks 4 localRank 0 MNNVL 0
em10:1114299:1115180 [0] NCCL INFO Tree 0 : -1 -> 0 -> 1/-1/-1
em10:1114299:1115180 [0] NCCL INFO Tree 2 : -1 -> 0 -> 1/-1/-1
em10:1114299:1115180 [0] NCCL INFO Tree 1 : -1 -> 0 -> 3/-1/-1
em10:1114299:1115180 [0] NCCL INFO Tree 3 : -1 -> 0 -> 3/-1/-1
em10:1114299:1115180 [0] NCCL INFO Channel 00/04 :    0   1   2   3
em10:1114299:1115180 [0] NCCL INFO Channel 01/04 :    0   3   2   1
em10:1114299:1115180 [0] NCCL INFO Channel 02/04 :    0   1   2   3
em10:1114299:1115180 [0] NCCL INFO Channel 03/04 :    0   3   2   1
em10:1114299:1115180 [0] NCCL INFO Ring 00 : 3 -> 0 -> 1
em10:1114299:1115180 [0] NCCL INFO Ring 01 : 1 -> 0 -> 3
em10:1114299:1115180 [0] NCCL INFO Ring 02 : 3 -> 0 -> 1
em10:1114299:1115180 [0] NCCL INFO Ring 03 : 1 -> 0 -> 3
em10:1114299:1115180 [0] NCCL INFO Trees [0] 1/-1/-1->0->-1 [1] 3/-1/-1->0->-1 [2] 1/-1/-1->0->-1 [3] 3/-1/-1->0->-1
em10:1114299:1115180 [0] NCCL INFO P2P Chunksize set to 524288
em10:1114299:1115180 [0] NCCL INFO UDS: Creating service thread comm 0xa0787f0 rank 0
em10:1114299:1115180 [0] NCCL INFO misc/utils.cc:235 memory stack hunk malloc(65536)
em10:1114299:1115180 [0] NCCL INFO channel.cc:40 Cuda Alloc Size 2304 pointer 0x734c57800000
em10:1114299:1115180 [0] NCCL INFO channel.cc:43 Cuda Alloc Size 72 pointer 0x734c57800a00
em10:1114299:1115180 [0] NCCL INFO channel.cc:54 Cuda Alloc Size 16 pointer 0x734c57800c00
em10:1114299:1115180 [0] NCCL INFO channel.cc:40 Cuda Alloc Size 2304 pointer 0x734c57800e00
em10:1114299:1115180 [0] NCCL INFO channel.cc:43 Cuda Alloc Size 72 pointer 0x734c57801800
em10:1114299:1115180 [0] NCCL INFO channel.cc:54 Cuda Alloc Size 16 pointer 0x734c57801a00
em10:1114299:1115180 [0] NCCL INFO channel.cc:40 Cuda Alloc Size 2304 pointer 0x734c57801c00
em10:1114299:1115180 [0] NCCL INFO channel.cc:43 Cuda Alloc Size 72 pointer 0x734c57802600
em10:1114299:1115180 [0] NCCL INFO channel.cc:54 Cuda Alloc Size 16 pointer 0x734c57802800
em10:1114299:1115180 [0] NCCL INFO channel.cc:40 Cuda Alloc Size 2304 pointer 0x734c57802a00
em10:1114299:1115180 [0] NCCL INFO channel.cc:43 Cuda Alloc Size 72 pointer 0x734c57803400
em10:1114299:1115180 [0] NCCL INFO channel.cc:54 Cuda Alloc Size 16 pointer 0x734c57803600
em10:1114299:1115258 [0] NCCL INFO Mem Realloc old size 0, new size 8 pointer 0x734c48001220
em10:1114299:1115258 [0] NCCL INFO New proxy recv connection 0 from local rank 0, transport 0
em10:1114299:1115258 [0] NCCL INFO proxyProgressAsync opId=0x734c40007e20 op.type=1 op.reqBuff=0x734c480011e0 op.respSize=16 done
em10:1114299:1115180 [0] NCCL INFO ncclPollProxyResponse Received new opId=0x734c40007e20
em10:1114299:1115258 [0] NCCL INFO Received and initiated operation=Init res=0
em10:1114299:1115180 [0] NCCL INFO resp.opId=0x734c40007e20 matches expected opId=0x734c40007e20
em10:1114299:1115180 [0] NCCL INFO Connected to proxy localRank 0 -> connection 0x734c48001240
em10:1114299:1115258 [0] NCCL INFO transport/p2p.cc:215 Cuda Alloc Size 10485760 pointer 0x734c5f600000
em10:1114300:1115184 [1] NCCL INFO comm 0xa3b5860 rank 1 nRanks 4 nNodes 1 localRanks 4 localRank 1 MNNVL 0
em10:1114299:1115258 [0] NCCL INFO Allocated shareable buffer 0x734c5f600000 size 10485760 ipcDesc 0x734c48000ba0
em10:1114299:1115258 [0] NCCL INFO proxyProgressAsync opId=0x734c40007e20 op.type=3 op.reqBuff=0x734c48000b70 op.respSize=80 done
em10:1114300:1115184 [1] NCCL INFO Tree 0 : 0 -> 1 -> 2/-1/-1
em10:1114299:1115180 [0] NCCL INFO ncclPollProxyResponse Received new opId=0x734c40007e20
em10:1114299:1115258 [0] NCCL INFO Received and initiated operation=Setup res=0
em10:1114300:1115184 [1] NCCL INFO Tree 2 : 0 -> 1 -> 2/-1/-1
em10:1114299:1115180 [0] NCCL INFO resp.opId=0x734c40007e20 matches expected opId=0x734c40007e20
em10:1114300:1115184 [1] NCCL INFO Ring 00 : 0 -> 1 -> 2
em10:1114299:1115258 [0] NCCL INFO New proxy recv connection 1 from local rank 0, transport 0
em10:1114299:1115258 [0] NCCL INFO proxyProgressAsync opId=0x734c40007e20 op.type=1 op.reqBuff=0x734c48005a00 op.respSize=16 done
em10:1114300:1115184 [1] NCCL INFO Ring 01 : 2 -> 1 -> 0
em10:1114299:1115180 [0] NCCL INFO ncclPollProxyResponse Received new opId=0x734c40007e20
em10:1114300:1115184 [1] NCCL INFO Ring 02 : 0 -> 1 -> 2
em10:1114299:1115258 [0] NCCL INFO Received and initiated operation=Init res=0
em10:1114300:1115184 [1] NCCL INFO Ring 03 : 2 -> 1 -> 0
em10:1114299:1115180 [0] NCCL INFO resp.opId=0x734c40007e20 matches expected opId=0x734c40007e20
em10:1114299:1115180 [0] NCCL INFO Connected to proxy localRank 0 -> connection 0x734c480012b8
em10:1114300:1115184 [1] NCCL INFO Trees [0] 2/-1/-1->1->0 [1] -1/-1/-1->1->2 [2] 2/-1/-1->1->0 [3] -1/-1/-1->1->2
em10:1114300:1115184 [1] NCCL INFO P2P Chunksize set to 524288
em10:1114300:1115184 [1] NCCL INFO UDS: Creating service thread comm 0xa3b5860 rank 1
em10:1114300:1115184 [1] NCCL INFO misc/utils.cc:235 memory stack hunk malloc(65536)
em10:1114299:1115258 [0] NCCL INFO transport/p2p.cc:215 Cuda Alloc Size 10485760 pointer 0x734c63600000
em10:1114299:1115258 [0] NCCL INFO Allocated shareable buffer 0x734c63600000 size 10485760 ipcDesc 0x734c48005a70
em10:1114299:1115258 [0] NCCL INFO proxyProgressAsync opId=0x734c40007e20 op.type=3 op.reqBuff=0x734c48005a40 op.respSize=80 done
em10:1114299:1115180 [0] NCCL INFO ncclPollProxyResponse Received new opId=0x734c40007e20
em10:1114299:1115258 [0] NCCL INFO Received and initiated operation=Setup res=0
em10:1114299:1115180 [0] NCCL INFO resp.opId=0x734c40007e20 matches expected opId=0x734c40007e20
em10:1114299:1115180 [0] NCCL INFO Channel 00/0 : 0[4] -> 1[5] via P2P/IPC/read
em10:1114299:1115258 [0] NCCL INFO New proxy send connection 2 from local rank 0, transport 0
em10:1114299:1115258 [0] NCCL INFO proxyProgressAsync opId=0x734c40007e20 op.type=1 op.reqBuff=0x734c480066c0 op.respSize=16 done
em10:1114299:1115180 [0] NCCL INFO ncclPollProxyResponse Received new opId=0x734c40007e20
em10:1114299:1115258 [0] NCCL INFO Received and initiated operation=Init res=0
em10:1114299:1115180 [0] NCCL INFO resp.opId=0x734c40007e20 matches expected opId=0x734c40007e20
em10:1114299:1115180 [0] NCCL INFO Connected to proxy localRank 0 -> connection 0x734c48001330
em10:1114300:1115184 [1] NCCL INFO channel.cc:40 Cuda Alloc Size 2304 pointer 0x78a41b800000
em10:1114300:1115184 [1] NCCL INFO channel.cc:43 Cuda Alloc Size 72 pointer 0x78a41b800a00
em10:1114299:1115258 [0] NCCL INFO transport/p2p.cc:215 Cuda Alloc Size 6291456 pointer 0x734c57a00000
em10:1114300:1115184 [1] NCCL INFO channel.cc:54 Cuda Alloc Size 16 pointer 0x78a41b800c00
em10:1114299:1115258 [0] NCCL INFO Allocated shareable buffer 0x734c57a00000 size 6291456 ipcDesc 0x734c48006710
em10:1114299:1115258 [0] NCCL INFO proxyProgressAsync opId=0x734c40007e20 op.type=3 op.reqBuff=0x734c480066e0 op.respSize=80 done
em10:1114299:1115180 [0] NCCL INFO ncclPollProxyResponse Received new opId=0x734c40007e20
em10:1114300:1115184 [1] NCCL INFO channel.cc:40 Cuda Alloc Size 2304 pointer 0x78a41b800e00
em10:1114299:1115258 [0] NCCL INFO Received and initiated operation=Setup res=0
em10:1114299:1115180 [0] NCCL INFO resp.opId=0x734c40007e20 matches expected opId=0x734c40007e20
em10:1114299:1115180 [0] NCCL INFO Channel 02/0 : 0[4] -> 1[5] via P2P/IPC/read
em10:1114300:1115184 [1] NCCL INFO channel.cc:43 Cuda Alloc Size 72 pointer 0x78a41b801800
em10:1114299:1115258 [0] NCCL INFO New proxy send connection 3 from local rank 0, transport 0
em10:1114299:1115258 [0] NCCL INFO proxyProgressAsync opId=0x734c40007e20 op.type=1 op.reqBuff=0x734c480066e0 op.respSize=16 done
em10:1114300:1115184 [1] NCCL INFO channel.cc:54 Cuda Alloc Size 16 pointer 0x78a41b801a00
em10:1114299:1115180 [0] NCCL INFO ncclPollProxyResponse Received new opId=0x734c40007e20
em10:1114299:1115258 [0] NCCL INFO Received and initiated operation=Init res=0
em10:1114299:1115180 [0] NCCL INFO resp.opId=0x734c40007e20 matches expected opId=0x734c40007e20
em10:1114299:1115180 [0] NCCL INFO Connected to proxy localRank 0 -> connection 0x734c480013a8
em10:1114300:1115184 [1] NCCL INFO channel.cc:40 Cuda Alloc Size 2304 pointer 0x78a41b801c00
em10:1114300:1115184 [1] NCCL INFO channel.cc:43 Cuda Alloc Size 72 pointer 0x78a41b802600
em10:1114300:1115184 [1] NCCL INFO channel.cc:54 Cuda Alloc Size 16 pointer 0x78a41b802800
em10:1114300:1115184 [1] NCCL INFO channel.cc:40 Cuda Alloc Size 2304 pointer 0x78a41b802a00
em10:1114300:1115184 [1] NCCL INFO channel.cc:43 Cuda Alloc Size 72 pointer 0x78a41b803400
em10:1114300:1115184 [1] NCCL INFO channel.cc:54 Cuda Alloc Size 16 pointer 0x78a41b803600
em10:1114299:1115258 [0] NCCL INFO transport/p2p.cc:215 Cuda Alloc Size 6291456 pointer 0x734c67400000
em10:1114299:1115258 [0] NCCL INFO Allocated shareable buffer 0x734c67400000 size 6291456 ipcDesc 0x734c480074d0
em10:1114299:1115258 [0] NCCL INFO proxyProgressAsync opId=0x734c40007e20 op.type=3 op.reqBuff=0x734c480074a0 op.respSize=80 done
em10:1114299:1115180 [0] NCCL INFO ncclPollProxyResponse Received new opId=0x734c40007e20
em10:1114299:1115258 [0] NCCL INFO Received and initiated operation=Setup res=0
em10:1114299:1115180 [0] NCCL INFO resp.opId=0x734c40007e20 matches expected opId=0x734c40007e20
em10:1114300:1115260 [1] NCCL INFO Mem Realloc old size 0, new size 8 pointer 0x78a4040010f0
em10:1114300:1115260 [1] NCCL INFO New proxy recv connection 0 from local rank 1, transport 0
em10:1114300:1115260 [1] NCCL INFO proxyProgressAsync opId=0x78a40c007e20 op.type=1 op.reqBuff=0x78a4040010b0 op.respSize=16 done
em10:1114300:1115184 [1] NCCL INFO ncclPollProxyResponse Received new opId=0x78a40c007e20
em10:1114300:1115260 [1] NCCL INFO Received and initiated operation=Init res=0
em10:1114300:1115184 [1] NCCL INFO resp.opId=0x78a40c007e20 matches expected opId=0x78a40c007e20
em10:1114300:1115184 [1] NCCL INFO Connected to proxy localRank 1 -> connection 0x78a404001110
em10:1114300:1115260 [1] NCCL INFO transport/p2p.cc:215 Cuda Alloc Size 6291456 pointer 0x78a41ba00000
em10:1114300:1115260 [1] NCCL INFO Allocated shareable buffer 0x78a41ba00000 size 6291456 ipcDesc 0x78a404004d50
em10:1114300:1115260 [1] NCCL INFO proxyProgressAsync opId=0x78a40c007e20 op.type=3 op.reqBuff=0x78a404004d20 op.respSize=80 done
em10:1114300:1115184 [1] NCCL INFO ncclPollProxyResponse Received new opId=0x78a40c007e20
em10:1114300:1115260 [1] NCCL INFO Received and initiated operation=Setup res=0
em10:1114300:1115184 [1] NCCL INFO resp.opId=0x78a40c007e20 matches expected opId=0x78a40c007e20
em10:1114302:1115190 [3] NCCL INFO comm 0xb26b9e0 rank 3 nRanks 4 nNodes 1 localRanks 4 localRank 3 MNNVL 0
em10:1114300:1115260 [1] NCCL INFO New proxy recv connection 1 from local rank 1, transport 0
em10:1114302:1115190 [3] NCCL INFO Tree 1 : 0 -> 3 -> 2/-1/-1
em10:1114300:1115260 [1] NCCL INFO proxyProgressAsync opId=0x78a40c007e20 op.type=1 op.reqBuff=0x78a404005b30 op.respSize=16 done
em10:1114302:1115190 [3] NCCL INFO Tree 3 : 0 -> 3 -> 2/-1/-1
em10:1114300:1115184 [1] NCCL INFO ncclPollProxyResponse Received new opId=0x78a40c007e20
em10:1114302:1115190 [3] NCCL INFO Ring 00 : 2 -> 3 -> 0
em10:1114300:1115260 [1] NCCL INFO Received and initiated operation=Init res=0
em10:1114301:1115185 [2] NCCL INFO comm 0xa061600 rank 2 nRanks 4 nNodes 1 localRanks 4 localRank 2 MNNVL 0
em10:1114302:1115190 [3] NCCL INFO Ring 01 : 0 -> 3 -> 2
em10:1114300:1115184 [1] NCCL INFO resp.opId=0x78a40c007e20 matches expected opId=0x78a40c007e20
em10:1114302:1115190 [3] NCCL INFO Ring 02 : 2 -> 3 -> 0
em10:1114300:1115184 [1] NCCL INFO Connected to proxy localRank 1 -> connection 0x78a404001188
em10:1114302:1115190 [3] NCCL INFO Ring 03 : 0 -> 3 -> 2
em10:1114302:1115190 [3] NCCL INFO Trees [0] -1/-1/-1->3->2 [1] 2/-1/-1->3->0 [2] -1/-1/-1->3->2 [3] 2/-1/-1->3->0
em10:1114302:1115190 [3] NCCL INFO P2P Chunksize set to 524288
em10:1114301:1115185 [2] NCCL INFO Ring 00 : 1 -> 2 -> 3
em10:1114301:1115185 [2] NCCL INFO Ring 01 : 3 -> 2 -> 1
em10:1114302:1115190 [3] NCCL INFO UDS: Creating service thread comm 0xb26b9e0 rank 3
em10:1114301:1115185 [2] NCCL INFO Ring 02 : 1 -> 2 -> 3
em10:1114301:1115185 [2] NCCL INFO Ring 03 : 3 -> 2 -> 1
em10:1114302:1115190 [3] NCCL INFO misc/utils.cc:235 memory stack hunk malloc(65536)
em10:1114301:1115185 [2] NCCL INFO Trees [0] 3/-1/-1->2->1 [1] 1/-1/-1->2->3 [2] 3/-1/-1->2->1 [3] 1/-1/-1->2->3
em10:1114300:1115260 [1] NCCL INFO transport/p2p.cc:215 Cuda Alloc Size 6291456 pointer 0x78a423600000
em10:1114301:1115185 [2] NCCL INFO P2P Chunksize set to 524288
em10:1114300:1115260 [1] NCCL INFO Allocated shareable buffer 0x78a423600000 size 6291456 ipcDesc 0x78a404005ba0
em10:1114300:1115260 [1] NCCL INFO proxyProgressAsync opId=0x78a40c007e20 op.type=3 op.reqBuff=0x78a404005b70 op.respSize=80 done
em10:1114300:1115184 [1] NCCL INFO ncclPollProxyResponse Received new opId=0x78a40c007e20
em10:1114300:1115260 [1] NCCL INFO Received and initiated operation=Setup res=0
em10:1114300:1115184 [1] NCCL INFO resp.opId=0x78a40c007e20 matches expected opId=0x78a40c007e20
em10:1114302:1115190 [3] NCCL INFO channel.cc:40 Cuda Alloc Size 2304 pointer 0x7d0e6b800000
em10:1114300:1115184 [1] NCCL INFO Channel 00/0 : 1[5] -> 2[6] via P2P/IPC
em10:1114302:1115190 [3] NCCL INFO channel.cc:43 Cuda Alloc Size 72 pointer 0x7d0e6b800a00
em10:1114301:1115185 [2] NCCL INFO UDS: Creating service thread comm 0xa061600 rank 2
em10:1114300:1115260 [1] NCCL INFO New proxy send connection 2 from local rank 1, transport 0
em10:1114300:1115260 [1] NCCL INFO proxyProgressAsync opId=0x78a40c007e20 op.type=1 op.reqBuff=0x78a404006890 op.respSize=16 done
em10:1114300:1115184 [1] NCCL INFO ncclPollProxyResponse Received new opId=0x78a40c007e20
em10:1114302:1115190 [3] NCCL INFO channel.cc:54 Cuda Alloc Size 16 pointer 0x7d0e6b800c00
em10:1114300:1115260 [1] NCCL INFO Received and initiated operation=Init res=0
em10:1114301:1115185 [2] NCCL INFO misc/utils.cc:235 memory stack hunk malloc(65536)
em10:1114302:1115190 [3] NCCL INFO channel.cc:40 Cuda Alloc Size 2304 pointer 0x7d0e6b800e00
em10:1114300:1115184 [1] NCCL INFO resp.opId=0x78a40c007e20 matches expected opId=0x78a40c007e20
em10:1114300:1115184 [1] NCCL INFO Connected to proxy localRank 1 -> connection 0x78a404001200
em10:1114302:1115190 [3] NCCL INFO channel.cc:43 Cuda Alloc Size 72 pointer 0x7d0e6b801800
em10:1114302:1115190 [3] NCCL INFO channel.cc:54 Cuda Alloc Size 16 pointer 0x7d0e6b801a00
em10:1114302:1115190 [3] NCCL INFO channel.cc:40 Cuda Alloc Size 2304 pointer 0x7d0e6b801c00
em10:1114302:1115190 [3] NCCL INFO channel.cc:43 Cuda Alloc Size 72 pointer 0x7d0e6b802600
em10:1114302:1115190 [3] NCCL INFO channel.cc:54 Cuda Alloc Size 16 pointer 0x7d0e6b802800
em10:1114300:1115260 [1] NCCL INFO transport/p2p.cc:215 Cuda Alloc Size 2097152 pointer 0x78a41fe00000
em10:1114302:1115190 [3] NCCL INFO channel.cc:40 Cuda Alloc Size 2304 pointer 0x7d0e6b802a00
em10:1114302:1115190 [3] NCCL INFO channel.cc:43 Cuda Alloc Size 72 pointer 0x7d0e6b803400
em10:1114300:1115260 [1] NCCL INFO Allocated shareable buffer 0x78a41fe00000 size 2097152 ipcDesc 0x78a4040068e0
em10:1114300:1115260 [1] NCCL INFO proxyProgressAsync opId=0x78a40c007e20 op.type=3 op.reqBuff=0x78a4040068b0 op.respSize=80 done
em10:1114302:1115190 [3] NCCL INFO channel.cc:54 Cuda Alloc Size 16 pointer 0x7d0e6b803600
em10:1114300:1115184 [1] NCCL INFO ncclPollProxyResponse Received new opId=0x78a40c007e20
em10:1114300:1115260 [1] NCCL INFO Received and initiated operation=Setup res=0
em10:1114300:1115184 [1] NCCL INFO resp.opId=0x78a40c007e20 matches expected opId=0x78a40c007e20
em10:1114300:1115184 [1] NCCL INFO Channel 02/0 : 1[5] -> 2[6] via P2P/IPC
em10:1114302:1115262 [3] NCCL INFO Mem Realloc old size 0, new size 8 pointer 0x7d0e500010f0
em10:1114300:1115260 [1] NCCL INFO New proxy send connection 3 from local rank 1, transport 0
em10:1114300:1115260 [1] NCCL INFO proxyProgressAsync opId=0x78a40c007e20 op.type=1 op.reqBuff=0x78a4040068b0 op.respSize=16 done
em10:1114302:1115262 [3] NCCL INFO New proxy recv connection 0 from local rank 3, transport 0
em10:1114300:1115184 [1] NCCL INFO ncclPollProxyResponse Received new opId=0x78a40c007e20
em10:1114302:1115262 [3] NCCL INFO proxyProgressAsync opId=0x7d0e58007e20 op.type=1 op.reqBuff=0x7d0e500010b0 op.respSize=16 done
em10:1114300:1115260 [1] NCCL INFO Received and initiated operation=Init res=0
em10:1114300:1115184 [1] NCCL INFO resp.opId=0x78a40c007e20 matches expected opId=0x78a40c007e20
em10:1114300:1115184 [1] NCCL INFO Connected to proxy localRank 1 -> connection 0x78a404001278
em10:1114302:1115190 [3] NCCL INFO ncclPollProxyResponse Received new opId=0x7d0e58007e20
em10:1114302:1115190 [3] NCCL INFO resp.opId=0x7d0e58007e20 matches expected opId=0x7d0e58007e20
em10:1114302:1115190 [3] NCCL INFO Connected to proxy localRank 3 -> connection 0x7d0e50001110
em10:1114302:1115262 [3] NCCL INFO Received and initiated operation=Init res=0
em10:1114301:1115185 [2] NCCL INFO channel.cc:40 Cuda Alloc Size 2304 pointer 0x7ea5d7800000
em10:1114300:1115260 [1] NCCL INFO transport/p2p.cc:215 Cuda Alloc Size 2097152 pointer 0x78a423c00000
em10:1114302:1115262 [3] NCCL INFO transport/p2p.cc:215 Cuda Alloc Size 6291456 pointer 0x7d0e6ba00000
em10:1114300:1115260 [1] NCCL INFO Allocated shareable buffer 0x78a423c00000 size 2097152 ipcDesc 0x78a404007560
em10:1114301:1115185 [2] NCCL INFO channel.cc:43 Cuda Alloc Size 72 pointer 0x7ea5d7800a00
em10:1114302:1115262 [3] NCCL INFO Allocated shareable buffer 0x7d0e6ba00000 size 6291456 ipcDesc 0x7d0e50004d50
em10:1114300:1115260 [1] NCCL INFO proxyProgressAsync opId=0x78a40c007e20 op.type=3 op.reqBuff=0x78a404007530 op.respSize=80 done
em10:1114302:1115262 [3] NCCL INFO proxyProgressAsync opId=0x7d0e58007e20 op.type=3 op.reqBuff=0x7d0e50004d20 op.respSize=80 done
em10:1114300:1115184 [1] NCCL INFO ncclPollProxyResponse Received new opId=0x78a40c007e20
em10:1114302:1115190 [3] NCCL INFO ncclPollProxyResponse Received new opId=0x7d0e58007e20
em10:1114300:1115260 [1] NCCL INFO Received and initiated operation=Setup res=0
em10:1114301:1115185 [2] NCCL INFO channel.cc:54 Cuda Alloc Size 16 pointer 0x7ea5d7800c00
em10:1114300:1115184 [1] NCCL INFO resp.opId=0x78a40c007e20 matches expected opId=0x78a40c007e20
em10:1114302:1115262 [3] NCCL INFO Received and initiated operation=Setup res=0
em10:1114302:1115190 [3] NCCL INFO resp.opId=0x7d0e58007e20 matches expected opId=0x7d0e58007e20
em10:1114301:1115185 [2] NCCL INFO channel.cc:40 Cuda Alloc Size 2304 pointer 0x7ea5d7800e00
em10:1114302:1115262 [3] NCCL INFO New proxy recv connection 1 from local rank 3, transport 0
em10:1114302:1115262 [3] NCCL INFO proxyProgressAsync opId=0x7d0e58007e20 op.type=1 op.reqBuff=0x7d0e50005b30 op.respSize=16 done
em10:1114301:1115185 [2] NCCL INFO channel.cc:43 Cuda Alloc Size 72 pointer 0x7ea5d7801800
em10:1114302:1115190 [3] NCCL INFO ncclPollProxyResponse Received new opId=0x7d0e58007e20
em10:1114302:1115262 [3] NCCL INFO Received and initiated operation=Init res=0
em10:1114302:1115190 [3] NCCL INFO resp.opId=0x7d0e58007e20 matches expected opId=0x7d0e58007e20
em10:1114302:1115190 [3] NCCL INFO Connected to proxy localRank 3 -> connection 0x7d0e50001188
em10:1114301:1115185 [2] NCCL INFO channel.cc:54 Cuda Alloc Size 16 pointer 0x7ea5d7801a00
em10:1114301:1115185 [2] NCCL INFO channel.cc:40 Cuda Alloc Size 2304 pointer 0x7ea5d7801c00
em10:1114302:1115262 [3] NCCL INFO transport/p2p.cc:215 Cuda Alloc Size 6291456 pointer 0x7d0e73600000
em10:1114302:1115262 [3] NCCL INFO Allocated shareable buffer 0x7d0e73600000 size 6291456 ipcDesc 0x7d0e50005ba0
em10:1114302:1115262 [3] NCCL INFO proxyProgressAsync opId=0x7d0e58007e20 op.type=3 op.reqBuff=0x7d0e50005b70 op.respSize=80 done
em10:1114301:1115185 [2] NCCL INFO channel.cc:43 Cuda Alloc Size 72 pointer 0x7ea5d7802600
em10:1114302:1115190 [3] NCCL INFO ncclPollProxyResponse Received new opId=0x7d0e58007e20
em10:1114301:1115185 [2] NCCL INFO channel.cc:54 Cuda Alloc Size 16 pointer 0x7ea5d7802800
em10:1114302:1115262 [3] NCCL INFO Received and initiated operation=Setup res=0
em10:1114302:1115190 [3] NCCL INFO resp.opId=0x7d0e58007e20 matches expected opId=0x7d0e58007e20
em10:1114302:1115190 [3] NCCL INFO Channel 00/0 : 3[7] -> 0[4] via P2P/IPC
em10:1114301:1115185 [2] NCCL INFO channel.cc:40 Cuda Alloc Size 2304 pointer 0x7ea5d7802a00
em10:1114302:1115262 [3] NCCL INFO New proxy send connection 2 from local rank 3, transport 0
em10:1114302:1115262 [3] NCCL INFO proxyProgressAsync opId=0x7d0e58007e20 op.type=1 op.reqBuff=0x7d0e50006890 op.respSize=16 done
em10:1114302:1115190 [3] NCCL INFO ncclPollProxyResponse Received new opId=0x7d0e58007e20
em10:1114302:1115262 [3] NCCL INFO Received and initiated operation=Init res=0
em10:1114302:1115190 [3] NCCL INFO resp.opId=0x7d0e58007e20 matches expected opId=0x7d0e58007e20
em10:1114301:1115185 [2] NCCL INFO channel.cc:43 Cuda Alloc Size 72 pointer 0x7ea5d7803400
em10:1114302:1115190 [3] NCCL INFO Connected to proxy localRank 3 -> connection 0x7d0e50001200
em10:1114301:1115185 [2] NCCL INFO channel.cc:54 Cuda Alloc Size 16 pointer 0x7ea5d7803600
em10:1114302:1115262 [3] NCCL INFO transport/p2p.cc:215 Cuda Alloc Size 2097152 pointer 0x7d0e6fe00000
em10:1114302:1115262 [3] NCCL INFO Allocated shareable buffer 0x7d0e6fe00000 size 2097152 ipcDesc 0x7d0e500068e0
em10:1114302:1115262 [3] NCCL INFO proxyProgressAsync opId=0x7d0e58007e20 op.type=3 op.reqBuff=0x7d0e500068b0 op.respSize=80 done
em10:1114302:1115190 [3] NCCL INFO ncclPollProxyResponse Received new opId=0x7d0e58007e20
em10:1114302:1115262 [3] NCCL INFO Received and initiated operation=Setup res=0
em10:1114302:1115190 [3] NCCL INFO resp.opId=0x7d0e58007e20 matches expected opId=0x7d0e58007e20
em10:1114301:1115264 [2] NCCL INFO Mem Realloc old size 0, new size 8 pointer 0x7ea5bc0010f0
em10:1114302:1115190 [3] NCCL INFO Channel 02/0 : 3[7] -> 0[4] via P2P/IPC
em10:1114301:1115264 [2] NCCL INFO New proxy recv connection 0 from local rank 2, transport 0
em10:1114302:1115262 [3] NCCL INFO New proxy send connection 3 from local rank 3, transport 0
em10:1114301:1115264 [2] NCCL INFO proxyProgressAsync opId=0x7ea5c4007e20 op.type=1 op.reqBuff=0x7ea5bc0010b0 op.respSize=16 done
em10:1114302:1115262 [3] NCCL INFO proxyProgressAsync opId=0x7d0e58007e20 op.type=1 op.reqBuff=0x7d0e500068b0 op.respSize=16 done
em10:1114302:1115190 [3] NCCL INFO ncclPollProxyResponse Received new opId=0x7d0e58007e20
em10:1114302:1115262 [3] NCCL INFO Received and initiated operation=Init res=0
em10:1114302:1115190 [3] NCCL INFO resp.opId=0x7d0e58007e20 matches expected opId=0x7d0e58007e20
em10:1114302:1115190 [3] NCCL INFO Connected to proxy localRank 3 -> connection 0x7d0e50001278
em10:1114301:1115185 [2] NCCL INFO ncclPollProxyResponse Received new opId=0x7ea5c4007e20
em10:1114301:1115264 [2] NCCL INFO Received and initiated operation=Init res=0
em10:1114301:1115185 [2] NCCL INFO resp.opId=0x7ea5c4007e20 matches expected opId=0x7ea5c4007e20
em10:1114301:1115185 [2] NCCL INFO Connected to proxy localRank 2 -> connection 0x7ea5bc001110
em10:1114302:1115262 [3] NCCL INFO transport/p2p.cc:215 Cuda Alloc Size 2097152 pointer 0x7d0e73c00000
em10:1114302:1115262 [3] NCCL INFO Allocated shareable buffer 0x7d0e73c00000 size 2097152 ipcDesc 0x7d0e50007560
em10:1114302:1115262 [3] NCCL INFO proxyProgressAsync opId=0x7d0e58007e20 op.type=3 op.reqBuff=0x7d0e50007530 op.respSize=80 done
em10:1114302:1115190 [3] NCCL INFO ncclPollProxyResponse Received new opId=0x7d0e58007e20
em10:1114302:1115262 [3] NCCL INFO Received and initiated operation=Setup res=0
em10:1114302:1115190 [3] NCCL INFO resp.opId=0x7d0e58007e20 matches expected opId=0x7d0e58007e20
em10:1114301:1115264 [2] NCCL INFO transport/p2p.cc:215 Cuda Alloc Size 10485760 pointer 0x7ea5df600000
em10:1114301:1115264 [2] NCCL INFO Allocated shareable buffer 0x7ea5df600000 size 10485760 ipcDesc 0x7ea5bc004d50
em10:1114301:1115264 [2] NCCL INFO proxyProgressAsync opId=0x7ea5c4007e20 op.type=3 op.reqBuff=0x7ea5bc004d20 op.respSize=80 done
em10:1114301:1115185 [2] NCCL INFO ncclPollProxyResponse Received new opId=0x7ea5c4007e20
em10:1114301:1115264 [2] NCCL INFO Received and initiated operation=Setup res=0
em10:1114301:1115185 [2] NCCL INFO resp.opId=0x7ea5c4007e20 matches expected opId=0x7ea5c4007e20
em10:1114299:1115258 [0] NCCL INFO New proxy recv connection 4 from local rank 0, transport 0
em10:1114301:1115264 [2] NCCL INFO New proxy recv connection 1 from local rank 2, transport 0
em10:1114301:1115264 [2] NCCL INFO proxyProgressAsync opId=0x7ea5c4007e20 op.type=1 op.reqBuff=0x7ea5bc0059f0 op.respSize=16 done
em10:1114299:1115258 [0] NCCL INFO proxyProgressAsync opId=0x734c40007e20 op.type=1 op.reqBuff=0x734c480074a0 op.respSize=16 done
em10:1114301:1115185 [2] NCCL INFO ncclPollProxyResponse Received new opId=0x7ea5c4007e20
em10:1114301:1115264 [2] NCCL INFO Received and initiated operation=Init res=0
em10:1114301:1115185 [2] NCCL INFO resp.opId=0x7ea5c4007e20 matches expected opId=0x7ea5c4007e20
em10:1114301:1115185 [2] NCCL INFO Connected to proxy localRank 2 -> connection 0x7ea5bc001188
em10:1114299:1115180 [0] NCCL INFO ncclPollProxyResponse Received new opId=0x734c40007e20
em10:1114299:1115258 [0] NCCL INFO Received and initiated operation=Init res=0
em10:1114299:1115180 [0] NCCL INFO resp.opId=0x734c40007e20 matches expected opId=0x734c40007e20
em10:1114299:1115180 [0] NCCL INFO Connected to proxy localRank 0 -> connection 0x734c48001420
em10:1114301:1115264 [2] NCCL INFO transport/p2p.cc:215 Cuda Alloc Size 10485760 pointer 0x7ea5e3600000
em10:1114301:1115264 [2] NCCL INFO Allocated shareable buffer 0x7ea5e3600000 size 10485760 ipcDesc 0x7ea5bc005a60
em10:1114301:1115264 [2] NCCL INFO proxyProgressAsync opId=0x7ea5c4007e20 op.type=3 op.reqBuff=0x7ea5bc005a30 op.respSize=80 done
em10:1114301:1115185 [2] NCCL INFO ncclPollProxyResponse Received new opId=0x7ea5c4007e20
em10:1114301:1115264 [2] NCCL INFO Received and initiated operation=Setup res=0
em10:1114301:1115185 [2] NCCL INFO resp.opId=0x7ea5c4007e20 matches expected opId=0x7ea5c4007e20
em10:1114301:1115185 [2] NCCL INFO Channel 00/0 : 2[6] -> 3[7] via P2P/IPC/read
em10:1114299:1115258 [0] NCCL INFO transport/p2p.cc:215 Cuda Alloc Size 6291456 pointer 0x734c67a00000
em10:1114299:1115258 [0] NCCL INFO Allocated shareable buffer 0x734c67a00000 size 6291456 ipcDesc 0x734c480081d0
em10:1114299:1115258 [0] NCCL INFO proxyProgressAsync opId=0x734c40007e20 op.type=3 op.reqBuff=0x734c480081a0 op.respSize=80 done
em10:1114301:1115264 [2] NCCL INFO New proxy send connection 2 from local rank 2, transport 0
em10:1114301:1115264 [2] NCCL INFO proxyProgressAsync opId=0x7ea5c4007e20 op.type=1 op.reqBuff=0x7ea5bc0066b0 op.respSize=16 done
em10:1114299:1115180 [0] NCCL INFO ncclPollProxyResponse Received new opId=0x734c40007e20
em10:1114301:1115185 [2] NCCL INFO ncclPollProxyResponse Received new opId=0x7ea5c4007e20
em10:1114299:1115258 [0] NCCL INFO Received and initiated operation=Setup res=0
em10:1114301:1115264 [2] NCCL INFO Received and initiated operation=Init res=0
em10:1114299:1115180 [0] NCCL INFO resp.opId=0x734c40007e20 matches expected opId=0x734c40007e20
em10:1114301:1115185 [2] NCCL INFO resp.opId=0x7ea5c4007e20 matches expected opId=0x7ea5c4007e20
em10:1114301:1115185 [2] NCCL INFO Connected to proxy localRank 2 -> connection 0x7ea5bc001200
em10:1114299:1115258 [0] NCCL INFO New proxy recv connection 5 from local rank 0, transport 0
em10:1114299:1115258 [0] NCCL INFO proxyProgressAsync opId=0x734c40007e20 op.type=1 op.reqBuff=0x734c480081a0 op.respSize=16 done
em10:1114299:1115180 [0] NCCL INFO ncclPollProxyResponse Received new opId=0x734c40007e20
em10:1114299:1115258 [0] NCCL INFO Received and initiated operation=Init res=0
em10:1114299:1115180 [0] NCCL INFO resp.opId=0x734c40007e20 matches expected opId=0x734c40007e20
em10:1114299:1115180 [0] NCCL INFO Connected to proxy localRank 0 -> connection 0x734c48001498
em10:1114301:1115264 [2] NCCL INFO transport/p2p.cc:215 Cuda Alloc Size 6291456 pointer 0x7ea5d7a00000
em10:1114301:1115264 [2] NCCL INFO Allocated shareable buffer 0x7ea5d7a00000 size 6291456 ipcDesc 0x7ea5bc006700
em10:1114301:1115264 [2] NCCL INFO proxyProgressAsync opId=0x7ea5c4007e20 op.type=3 op.reqBuff=0x7ea5bc0066d0 op.respSize=80 done
em10:1114301:1115185 [2] NCCL INFO ncclPollProxyResponse Received new opId=0x7ea5c4007e20
em10:1114301:1115264 [2] NCCL INFO Received and initiated operation=Setup res=0
em10:1114301:1115185 [2] NCCL INFO resp.opId=0x7ea5c4007e20 matches expected opId=0x7ea5c4007e20
em10:1114301:1115185 [2] NCCL INFO Channel 02/0 : 2[6] -> 3[7] via P2P/IPC/read
em10:1114299:1115258 [0] NCCL INFO transport/p2p.cc:215 Cuda Alloc Size 6291456 pointer 0x734cbd400000
em10:1114301:1115264 [2] NCCL INFO New proxy send connection 3 from local rank 2, transport 0
em10:1114301:1115264 [2] NCCL INFO proxyProgressAsync opId=0x7ea5c4007e20 op.type=1 op.reqBuff=0x7ea5bc0066d0 op.respSize=16 done
em10:1114299:1115258 [0] NCCL INFO Allocated shareable buffer 0x734cbd400000 size 6291456 ipcDesc 0x734c48008e30
em10:1114299:1115258 [0] NCCL INFO proxyProgressAsync opId=0x734c40007e20 op.type=3 op.reqBuff=0x734c48008e00 op.respSize=80 done
em10:1114301:1115185 [2] NCCL INFO ncclPollProxyResponse Received new opId=0x7ea5c4007e20
em10:1114301:1115264 [2] NCCL INFO Received and initiated operation=Init res=0
em10:1114299:1115180 [0] NCCL INFO ncclPollProxyResponse Received new opId=0x734c40007e20
em10:1114301:1115185 [2] NCCL INFO resp.opId=0x7ea5c4007e20 matches expected opId=0x7ea5c4007e20
em10:1114299:1115258 [0] NCCL INFO Received and initiated operation=Setup res=0
em10:1114301:1115185 [2] NCCL INFO Connected to proxy localRank 2 -> connection 0x7ea5bc001278
em10:1114299:1115180 [0] NCCL INFO resp.opId=0x734c40007e20 matches expected opId=0x734c40007e20
em10:1114299:1115180 [0] NCCL INFO Channel 01/0 : 0[4] -> 3[7] via P2P/IPC
em10:1114299:1115258 [0] NCCL INFO New proxy send connection 6 from local rank 0, transport 0
em10:1114299:1115258 [0] NCCL INFO proxyProgressAsync opId=0x734c40007e20 op.type=1 op.reqBuff=0x734c48008e00 op.respSize=16 done
em10:1114299:1115180 [0] NCCL INFO ncclPollProxyResponse Received new opId=0x734c40007e20
em10:1114299:1115258 [0] NCCL INFO Received and initiated operation=Init res=0
em10:1114299:1115180 [0] NCCL INFO resp.opId=0x734c40007e20 matches expected opId=0x734c40007e20
em10:1114301:1115264 [2] NCCL INFO transport/p2p.cc:215 Cuda Alloc Size 6291456 pointer 0x7ea5e7400000
em10:1114299:1115180 [0] NCCL INFO Connected to proxy localRank 0 -> connection 0x734c48001510
em10:1114301:1115264 [2] NCCL INFO Allocated shareable buffer 0x7ea5e7400000 size 6291456 ipcDesc 0x7ea5bc0074c0
em10:1114301:1115264 [2] NCCL INFO proxyProgressAsync opId=0x7ea5c4007e20 op.type=3 op.reqBuff=0x7ea5bc007490 op.respSize=80 done
em10:1114301:1115185 [2] NCCL INFO ncclPollProxyResponse Received new opId=0x7ea5c4007e20
em10:1114301:1115264 [2] NCCL INFO Received and initiated operation=Setup res=0
em10:1114301:1115185 [2] NCCL INFO resp.opId=0x7ea5c4007e20 matches expected opId=0x7ea5c4007e20
em10:1114299:1115258 [0] NCCL INFO transport/p2p.cc:215 Cuda Alloc Size 2097152 pointer 0x734c5be00000
em10:1114299:1115258 [0] NCCL INFO Allocated shareable buffer 0x734c5be00000 size 2097152 ipcDesc 0x734c48009b30
em10:1114299:1115258 [0] NCCL INFO proxyProgressAsync opId=0x734c40007e20 op.type=3 op.reqBuff=0x734c48009b00 op.respSize=80 done
em10:1114299:1115180 [0] NCCL INFO ncclPollProxyResponse Received new opId=0x734c40007e20
em10:1114300:1115260 [1] NCCL INFO New proxy recv connection 4 from local rank 1, transport 0
em10:1114300:1115260 [1] NCCL INFO proxyProgressAsync opId=0x78a40c007e20 op.type=1 op.reqBuff=0x78a404007530 op.respSize=16 done
em10:1114299:1115258 [0] NCCL INFO Received and initiated operation=Setup res=0
em10:1114299:1115180 [0] NCCL INFO resp.opId=0x734c40007e20 matches expected opId=0x734c40007e20
em10:1114300:1115184 [1] NCCL INFO ncclPollProxyResponse Received new opId=0x78a40c007e20
em10:1114301:1115264 [2] NCCL INFO New proxy recv connection 4 from local rank 2, transport 0
em10:1114299:1115180 [0] NCCL INFO Channel 03/0 : 0[4] -> 3[7] via P2P/IPC
em10:1114300:1115260 [1] NCCL INFO Received and initiated operation=Init res=0
em10:1114301:1115264 [2] NCCL INFO proxyProgressAsync opId=0x7ea5c4007e20 op.type=1 op.reqBuff=0x7ea5bc007490 op.respSize=16 done
em10:1114302:1115262 [3] NCCL INFO New proxy recv connection 4 from local rank 3, transport 0
em10:1114300:1115184 [1] NCCL INFO resp.opId=0x78a40c007e20 matches expected opId=0x78a40c007e20
em10:1114301:1115185 [2] NCCL INFO ncclPollProxyResponse Received new opId=0x7ea5c4007e20
em10:1114302:1115262 [3] NCCL INFO proxyProgressAsync opId=0x7d0e58007e20 op.type=1 op.reqBuff=0x7d0e50007530 op.respSize=16 done
em10:1114300:1115184 [1] NCCL INFO Connected to proxy localRank 1 -> connection 0x78a4040012f0
em10:1114301:1115264 [2] NCCL INFO Received and initiated operation=Init res=0
em10:1114302:1115190 [3] NCCL INFO ncclPollProxyResponse Received new opId=0x7d0e58007e20
em10:1114301:1115185 [2] NCCL INFO resp.opId=0x7ea5c4007e20 matches expected opId=0x7ea5c4007e20
em10:1114302:1115262 [3] NCCL INFO Received and initiated operation=Init res=0
