em10:1114299:1115258 [0] NCCL INFO New proxy send connection 7 from local rank 0, transport 0
em10:1114301:1115185 [2] NCCL INFO Connected to proxy localRank 2 -> connection 0x7ea5bc0012f0
em10:1114302:1115190 [3] NCCL INFO resp.opId=0x7d0e58007e20 matches expected opId=0x7d0e58007e20
em10:1114299:1115258 [0] NCCL INFO proxyProgressAsync opId=0x734c40007e20 op.type=1 op.reqBuff=0x734c48009b00 op.respSize=16 done
em10:1114302:1115190 [3] NCCL INFO Connected to proxy localRank 3 -> connection 0x7d0e500012f0
em10:1114299:1115180 [0] NCCL INFO ncclPollProxyResponse Received new opId=0x734c40007e20
em10:1114299:1115258 [0] NCCL INFO Received and initiated operation=Init res=0
em10:1114299:1115180 [0] NCCL INFO resp.opId=0x734c40007e20 matches expected opId=0x734c40007e20
em10:1114299:1115180 [0] NCCL INFO Connected to proxy localRank 0 -> connection 0x734c48001588
em10:1114300:1115260 [1] NCCL INFO transport/p2p.cc:215 Cuda Alloc Size 10485760 pointer 0x78a427600000
em10:1114300:1115260 [1] NCCL INFO Allocated shareable buffer 0x78a427600000 size 10485760 ipcDesc 0x78a404008260
em10:1114302:1115262 [3] NCCL INFO transport/p2p.cc:215 Cuda Alloc Size 10485760 pointer 0x7d0e77600000
em10:1114300:1115260 [1] NCCL INFO proxyProgressAsync opId=0x78a40c007e20 op.type=3 op.reqBuff=0x78a404008230 op.respSize=80 done
em10:1114302:1115262 [3] NCCL INFO Allocated shareable buffer 0x7d0e77600000 size 10485760 ipcDesc 0x7d0e50008260
em10:1114301:1115264 [2] NCCL INFO transport/p2p.cc:215 Cuda Alloc Size 6291456 pointer 0x7ea5e7a00000
em10:1114302:1115262 [3] NCCL INFO proxyProgressAsync opId=0x7d0e58007e20 op.type=3 op.reqBuff=0x7d0e50008230 op.respSize=80 done
em10:1114300:1115184 [1] NCCL INFO ncclPollProxyResponse Received new opId=0x78a40c007e20
em10:1114299:1115258 [0] NCCL INFO transport/p2p.cc:215 Cuda Alloc Size 2097152 pointer 0x734cbda00000
em10:1114300:1115260 [1] NCCL INFO Received and initiated operation=Setup res=0
em10:1114301:1115264 [2] NCCL INFO Allocated shareable buffer 0x7ea5e7a00000 size 6291456 ipcDesc 0x7ea5bc0081c0
em10:1114300:1115184 [1] NCCL INFO resp.opId=0x78a40c007e20 matches expected opId=0x78a40c007e20
em10:1114299:1115258 [0] NCCL INFO Allocated shareable buffer 0x734cbda00000 size 2097152 ipcDesc 0x734c48009b30
em10:1114302:1115190 [3] NCCL INFO ncclPollProxyResponse Received new opId=0x7d0e58007e20
em10:1114301:1115264 [2] NCCL INFO proxyProgressAsync opId=0x7ea5c4007e20 op.type=3 op.reqBuff=0x7ea5bc008190 op.respSize=80 done
em10:1114299:1115258 [0] NCCL INFO proxyProgressAsync opId=0x734c40007e20 op.type=3 op.reqBuff=0x734c4800a760 op.respSize=80 done
em10:1114302:1115262 [3] NCCL INFO Received and initiated operation=Setup res=0
em10:1114302:1115190 [3] NCCL INFO resp.opId=0x7d0e58007e20 matches expected opId=0x7d0e58007e20
em10:1114301:1115185 [2] NCCL INFO ncclPollProxyResponse Received new opId=0x7ea5c4007e20
em10:1114299:1115180 [0] NCCL INFO ncclPollProxyResponse Received new opId=0x734c40007e20
em10:1114301:1115264 [2] NCCL INFO Received and initiated operation=Setup res=0
em10:1114300:1115260 [1] NCCL INFO New proxy recv connection 5 from local rank 1, transport 0
em10:1114301:1115185 [2] NCCL INFO resp.opId=0x7ea5c4007e20 matches expected opId=0x7ea5c4007e20
em10:1114299:1115258 [0] NCCL INFO Received and initiated operation=Setup res=0
em10:1114300:1115260 [1] NCCL INFO proxyProgressAsync opId=0x78a40c007e20 op.type=1 op.reqBuff=0x78a404008230 op.respSize=16 done
em10:1114302:1115262 [3] NCCL INFO New proxy recv connection 5 from local rank 3, transport 0
em10:1114299:1115180 [0] NCCL INFO resp.opId=0x734c40007e20 matches expected opId=0x734c40007e20
em10:1114302:1115262 [3] NCCL INFO proxyProgressAsync opId=0x7d0e58007e20 op.type=1 op.reqBuff=0x7d0e50008230 op.respSize=16 done
em10:1114300:1115184 [1] NCCL INFO ncclPollProxyResponse Received new opId=0x78a40c007e20
em10:1114300:1115260 [1] NCCL INFO Received and initiated operation=Init res=0
em10:1114302:1115190 [3] NCCL INFO ncclPollProxyResponse Received new opId=0x7d0e58007e20
em10:1114300:1115184 [1] NCCL INFO resp.opId=0x78a40c007e20 matches expected opId=0x78a40c007e20
em10:1114302:1115262 [3] NCCL INFO Received and initiated operation=Init res=0
em10:1114300:1115184 [1] NCCL INFO Connected to proxy localRank 1 -> connection 0x78a404001368
em10:1114302:1115190 [3] NCCL INFO resp.opId=0x7d0e58007e20 matches expected opId=0x7d0e58007e20
em10:1114302:1115190 [3] NCCL INFO Connected to proxy localRank 3 -> connection 0x7d0e50001368
em10:1114301:1115264 [2] NCCL INFO New proxy recv connection 5 from local rank 2, transport 0
em10:1114301:1115264 [2] NCCL INFO proxyProgressAsync opId=0x7ea5c4007e20 op.type=1 op.reqBuff=0x7ea5bc008190 op.respSize=16 done
em10:1114301:1115185 [2] NCCL INFO ncclPollProxyResponse Received new opId=0x7ea5c4007e20
em10:1114301:1115264 [2] NCCL INFO Received and initiated operation=Init res=0
em10:1114301:1115185 [2] NCCL INFO resp.opId=0x7ea5c4007e20 matches expected opId=0x7ea5c4007e20
em10:1114301:1115185 [2] NCCL INFO Connected to proxy localRank 2 -> connection 0x7ea5bc001368
em10:1114300:1115260 [1] NCCL INFO transport/p2p.cc:215 Cuda Alloc Size 10485760 pointer 0x78a42b400000
em10:1114300:1115260 [1] NCCL INFO Allocated shareable buffer 0x78a42b400000 size 10485760 ipcDesc 0x78a404008ec0
em10:1114300:1115260 [1] NCCL INFO proxyProgressAsync opId=0x78a40c007e20 op.type=3 op.reqBuff=0x78a404008e90 op.respSize=80 done
em10:1114302:1115262 [3] NCCL INFO transport/p2p.cc:215 Cuda Alloc Size 10485760 pointer 0x7d0e7b400000
em10:1114300:1115184 [1] NCCL INFO ncclPollProxyResponse Received new opId=0x78a40c007e20
em10:1114300:1115260 [1] NCCL INFO Received and initiated operation=Setup res=0
em10:1114302:1115262 [3] NCCL INFO Allocated shareable buffer 0x7d0e7b400000 size 10485760 ipcDesc 0x7d0e50008ec0
em10:1114300:1115184 [1] NCCL INFO resp.opId=0x78a40c007e20 matches expected opId=0x78a40c007e20
em10:1114302:1115262 [3] NCCL INFO proxyProgressAsync opId=0x7d0e58007e20 op.type=3 op.reqBuff=0x7d0e50008e90 op.respSize=80 done
em10:1114301:1115264 [2] NCCL INFO transport/p2p.cc:215 Cuda Alloc Size 6291456 pointer 0x7ea63d400000
em10:1114300:1115184 [1] NCCL INFO Channel 01/0 : 1[5] -> 0[4] via P2P/IPC/read
em10:1114302:1115190 [3] NCCL INFO ncclPollProxyResponse Received new opId=0x7d0e58007e20
em10:1114301:1115264 [2] NCCL INFO Allocated shareable buffer 0x7ea63d400000 size 6291456 ipcDesc 0x7ea5bc008e20
em10:1114302:1115262 [3] NCCL INFO Received and initiated operation=Setup res=0
em10:1114301:1115264 [2] NCCL INFO proxyProgressAsync opId=0x7ea5c4007e20 op.type=3 op.reqBuff=0x7ea5bc008df0 op.respSize=80 done
em10:1114302:1115190 [3] NCCL INFO resp.opId=0x7d0e58007e20 matches expected opId=0x7d0e58007e20
em10:1114300:1115260 [1] NCCL INFO New proxy send connection 6 from local rank 1, transport 0
em10:1114300:1115260 [1] NCCL INFO proxyProgressAsync opId=0x78a40c007e20 op.type=1 op.reqBuff=0x78a404008e90 op.respSize=16 done
em10:1114302:1115190 [3] NCCL INFO Channel 01/0 : 3[7] -> 2[6] via P2P/IPC/read
em10:1114301:1115185 [2] NCCL INFO ncclPollProxyResponse Received new opId=0x7ea5c4007e20
em10:1114300:1115184 [1] NCCL INFO ncclPollProxyResponse Received new opId=0x78a40c007e20
em10:1114301:1115264 [2] NCCL INFO Received and initiated operation=Setup res=0
em10:1114300:1115260 [1] NCCL INFO Received and initiated operation=Init res=0
em10:1114301:1115185 [2] NCCL INFO resp.opId=0x7ea5c4007e20 matches expected opId=0x7ea5c4007e20
em10:1114302:1115262 [3] NCCL INFO New proxy send connection 6 from local rank 3, transport 0
em10:1114300:1115184 [1] NCCL INFO resp.opId=0x78a40c007e20 matches expected opId=0x78a40c007e20
em10:1114302:1115262 [3] NCCL INFO proxyProgressAsync opId=0x7d0e58007e20 op.type=1 op.reqBuff=0x7d0e50008e90 op.respSize=16 done
em10:1114300:1115184 [1] NCCL INFO Connected to proxy localRank 1 -> connection 0x78a4040013e0
em10:1114301:1115185 [2] NCCL INFO Channel 01/0 : 2[6] -> 1[5] via P2P/IPC
em10:1114302:1115190 [3] NCCL INFO ncclPollProxyResponse Received new opId=0x7d0e58007e20
em10:1114302:1115262 [3] NCCL INFO Received and initiated operation=Init res=0
em10:1114302:1115190 [3] NCCL INFO resp.opId=0x7d0e58007e20 matches expected opId=0x7d0e58007e20
em10:1114302:1115190 [3] NCCL INFO Connected to proxy localRank 3 -> connection 0x7d0e500013e0
em10:1114301:1115264 [2] NCCL INFO New proxy send connection 6 from local rank 2, transport 0
em10:1114301:1115264 [2] NCCL INFO proxyProgressAsync opId=0x7ea5c4007e20 op.type=1 op.reqBuff=0x7ea5bc008df0 op.respSize=16 done
em10:1114301:1115185 [2] NCCL INFO ncclPollProxyResponse Received new opId=0x7ea5c4007e20
em10:1114301:1115264 [2] NCCL INFO Received and initiated operation=Init res=0
em10:1114301:1115185 [2] NCCL INFO resp.opId=0x7ea5c4007e20 matches expected opId=0x7ea5c4007e20
em10:1114300:1115260 [1] NCCL INFO transport/p2p.cc:215 Cuda Alloc Size 6291456 pointer 0x78a42f400000
em10:1114301:1115185 [2] NCCL INFO Connected to proxy localRank 2 -> connection 0x7ea5bc0013e0
em10:1114300:1115260 [1] NCCL INFO Allocated shareable buffer 0x78a42f400000 size 6291456 ipcDesc 0x78a404009bc0
em10:1114300:1115260 [1] NCCL INFO proxyProgressAsync opId=0x78a40c007e20 op.type=3 op.reqBuff=0x78a404009b90 op.respSize=80 done
em10:1114300:1115184 [1] NCCL INFO ncclPollProxyResponse Received new opId=0x78a40c007e20
em10:1114300:1115260 [1] NCCL INFO Received and initiated operation=Setup res=0
em10:1114302:1115262 [3] NCCL INFO transport/p2p.cc:215 Cuda Alloc Size 6291456 pointer 0x7d0ed1400000
em10:1114300:1115184 [1] NCCL INFO resp.opId=0x78a40c007e20 matches expected opId=0x78a40c007e20
em10:1114300:1115184 [1] NCCL INFO Channel 03/0 : 1[5] -> 0[4] via P2P/IPC/read
em10:1114302:1115262 [3] NCCL INFO Allocated shareable buffer 0x7d0ed1400000 size 6291456 ipcDesc 0x7d0e50009bc0
em10:1114302:1115262 [3] NCCL INFO proxyProgressAsync opId=0x7d0e58007e20 op.type=3 op.reqBuff=0x7d0e50009b90 op.respSize=80 done
em10:1114302:1115190 [3] NCCL INFO ncclPollProxyResponse Received new opId=0x7d0e58007e20
em10:1114301:1115264 [2] NCCL INFO transport/p2p.cc:215 Cuda Alloc Size 2097152 pointer 0x7ea5dbe00000
em10:1114302:1115262 [3] NCCL INFO Received and initiated operation=Setup res=0
em10:1114300:1115260 [1] NCCL INFO New proxy send connection 7 from local rank 1, transport 0
em10:1114302:1115190 [3] NCCL INFO resp.opId=0x7d0e58007e20 matches expected opId=0x7d0e58007e20
em10:1114300:1115260 [1] NCCL INFO proxyProgressAsync opId=0x78a40c007e20 op.type=1 op.reqBuff=0x78a404009b90 op.respSize=16 done
em10:1114301:1115264 [2] NCCL INFO Allocated shareable buffer 0x7ea5dbe00000 size 2097152 ipcDesc 0x7ea5bc009b20
em10:1114302:1115190 [3] NCCL INFO Channel 03/0 : 3[7] -> 2[6] via P2P/IPC/read
em10:1114301:1115264 [2] NCCL INFO proxyProgressAsync opId=0x7ea5c4007e20 op.type=3 op.reqBuff=0x7ea5bc009af0 op.respSize=80 done
em10:1114300:1115184 [1] NCCL INFO ncclPollProxyResponse Received new opId=0x78a40c007e20
em10:1114300:1115260 [1] NCCL INFO Received and initiated operation=Init res=0
em10:1114300:1115184 [1] NCCL INFO resp.opId=0x78a40c007e20 matches expected opId=0x78a40c007e20
em10:1114300:1115184 [1] NCCL INFO Connected to proxy localRank 1 -> connection 0x78a404001458
em10:1114301:1115185 [2] NCCL INFO ncclPollProxyResponse Received new opId=0x7ea5c4007e20
em10:1114302:1115262 [3] NCCL INFO New proxy send connection 7 from local rank 3, transport 0
em10:1114302:1115262 [3] NCCL INFO proxyProgressAsync opId=0x7d0e58007e20 op.type=1 op.reqBuff=0x7d0e50009b90 op.respSize=16 done
em10:1114301:1115264 [2] NCCL INFO Received and initiated operation=Setup res=0
em10:1114302:1115190 [3] NCCL INFO ncclPollProxyResponse Received new opId=0x7d0e58007e20
em10:1114301:1115185 [2] NCCL INFO resp.opId=0x7ea5c4007e20 matches expected opId=0x7ea5c4007e20
em10:1114302:1115262 [3] NCCL INFO Received and initiated operation=Init res=0
em10:1114302:1115190 [3] NCCL INFO resp.opId=0x7d0e58007e20 matches expected opId=0x7d0e58007e20
em10:1114302:1115190 [3] NCCL INFO Connected to proxy localRank 3 -> connection 0x7d0e50001458
em10:1114301:1115185 [2] NCCL INFO Channel 03/0 : 2[6] -> 1[5] via P2P/IPC
em10:1114301:1115264 [2] NCCL INFO New proxy send connection 7 from local rank 2, transport 0
em10:1114301:1115264 [2] NCCL INFO proxyProgressAsync opId=0x7ea5c4007e20 op.type=1 op.reqBuff=0x7ea5bc009af0 op.respSize=16 done
em10:1114301:1115185 [2] NCCL INFO ncclPollProxyResponse Received new opId=0x7ea5c4007e20
em10:1114301:1115264 [2] NCCL INFO Received and initiated operation=Init res=0
em10:1114301:1115185 [2] NCCL INFO resp.opId=0x7ea5c4007e20 matches expected opId=0x7ea5c4007e20
em10:1114301:1115185 [2] NCCL INFO Connected to proxy localRank 2 -> connection 0x7ea5bc001458
em10:1114300:1115260 [1] NCCL INFO transport/p2p.cc:215 Cuda Alloc Size 6291456 pointer 0x78a42fa00000
em10:1114300:1115260 [1] NCCL INFO Allocated shareable buffer 0x78a42fa00000 size 6291456 ipcDesc 0x78a40400a8c0
em10:1114300:1115260 [1] NCCL INFO proxyProgressAsync opId=0x78a40c007e20 op.type=3 op.reqBuff=0x78a40400a890 op.respSize=80 done
em10:1114300:1115184 [1] NCCL INFO ncclPollProxyResponse Received new opId=0x78a40c007e20
em10:1114302:1115262 [3] NCCL INFO transport/p2p.cc:215 Cuda Alloc Size 6291456 pointer 0x7d0ed1a00000
em10:1114300:1115260 [1] NCCL INFO Received and initiated operation=Setup res=0
em10:1114300:1115184 [1] NCCL INFO resp.opId=0x78a40c007e20 matches expected opId=0x78a40c007e20
em10:1114302:1115262 [3] NCCL INFO Allocated shareable buffer 0x7d0ed1a00000 size 6291456 ipcDesc 0x7d0e5000a8c0
em10:1114302:1115262 [3] NCCL INFO proxyProgressAsync opId=0x7d0e58007e20 op.type=3 op.reqBuff=0x7d0e5000a890 op.respSize=80 done
em10:1114302:1115190 [3] NCCL INFO ncclPollProxyResponse Received new opId=0x7d0e58007e20
em10:1114301:1115264 [2] NCCL INFO transport/p2p.cc:215 Cuda Alloc Size 2097152 pointer 0x7ea63da00000
em10:1114302:1115262 [3] NCCL INFO Received and initiated operation=Setup res=0
em10:1114302:1115190 [3] NCCL INFO resp.opId=0x7d0e58007e20 matches expected opId=0x7d0e58007e20
em10:1114301:1115264 [2] NCCL INFO Allocated shareable buffer 0x7ea63da00000 size 2097152 ipcDesc 0x7ea5bc00a780
em10:1114301:1115264 [2] NCCL INFO proxyProgressAsync opId=0x7ea5c4007e20 op.type=3 op.reqBuff=0x7ea5bc00a750 op.respSize=80 done
em10:1114301:1115185 [2] NCCL INFO ncclPollProxyResponse Received new opId=0x7ea5c4007e20
em10:1114301:1115264 [2] NCCL INFO Received and initiated operation=Setup res=0
em10:1114301:1115185 [2] NCCL INFO resp.opId=0x7ea5c4007e20 matches expected opId=0x7ea5c4007e20
em10:1114299:1115180 [0] NCCL INFO Imported shareable buffer device 0 size 6291456 ptr 0x734c6b400000
em10:1114301:1115185 [2] NCCL INFO Imported shareable buffer device 2 size 6291456 ptr 0x7ea5eb400000
em10:1114302:1115190 [3] NCCL INFO Imported shareable buffer device 3 size 10485760 ptr 0x7d0e7f400000
em10:1114301:1115185 [2] NCCL INFO Imported shareable buffer device 2 size 2097152 ptr 0x7ea63dc00000
em10:1114299:1115180 [0] NCCL INFO Imported shareable buffer device 0 size 2097152 ptr 0x734cbdc00000
em10:1114302:1115190 [3] NCCL INFO Imported shareable buffer device 3 size 6291456 ptr 0x7d0e83400000
em10:1114300:1115184 [1] NCCL INFO Imported shareable buffer device 1 size 10485760 ptr 0x78a481400000
em10:1114301:1115185 [2] NCCL INFO Imported shareable buffer device 2 size 6291456 ptr 0x7ea5eba00000
em10:1114299:1115180 [0] NCCL INFO Imported shareable buffer device 0 size 6291456 ptr 0x734c6ba00000
em10:1114302:1115190 [3] NCCL INFO Imported shareable buffer device 3 size 10485760 ptr 0x7d0e8b400000
em10:1114301:1115185 [2] NCCL INFO Imported shareable buffer device 2 size 2097152 ptr 0x7ea63de00000
em10:1114299:1115180 [0] NCCL INFO Imported shareable buffer device 0 size 2097152 ptr 0x734cbde00000
em10:1114302:1115190 [3] NCCL INFO Imported shareable buffer device 3 size 6291456 ptr 0x7d0e83a00000
em10:1114300:1115184 [1] NCCL INFO Imported shareable buffer device 1 size 6291456 ptr 0x78a433400000
em10:1114301:1115185 [2] NCCL INFO Imported shareable buffer device 2 size 10485760 ptr 0x7ea5ef400000
em10:1114299:1115180 [0] NCCL INFO Imported shareable buffer device 0 size 10485760 ptr 0x734c6f400000
em10:1114302:1115190 [3] NCCL INFO Imported shareable buffer device 3 size 6291456 ptr 0x7d0e8f400000
em10:1114300:1115184 [1] NCCL INFO Imported shareable buffer device 1 size 10485760 ptr 0x78a43b400000
em10:1114301:1115185 [2] NCCL INFO Imported shareable buffer device 2 size 6291456 ptr 0x7ea5f7400000
em10:1114299:1115180 [0] NCCL INFO Imported shareable buffer device 0 size 6291456 ptr 0x734c77400000
em10:1114302:1115190 [3] NCCL INFO Imported shareable buffer device 3 size 2097152 ptr 0x7d0e73e00000
em10:1114300:1115184 [1] NCCL INFO Imported shareable buffer device 1 size 6291456 ptr 0x78a433a00000
em10:1114302:1115190 [3] NCCL INFO Imported shareable buffer device 3 size 6291456 ptr 0x7d0e8fa00000
em10:1114301:1115185 [2] NCCL INFO Imported shareable buffer device 2 size 10485760 ptr 0x7ea5fb400000
em10:1114299:1115180 [0] NCCL INFO Imported shareable buffer device 0 size 10485760 ptr 0x734c7b400000
em10:1114300:1115184 [1] NCCL INFO Imported shareable buffer device 1 size 6291456 ptr 0x78a43f400000
em10:1114302:1115190 [3] NCCL INFO Imported shareable buffer device 3 size 2097152 ptr 0x7d0e7be00000
em10:1114301:1115185 [2] NCCL INFO Imported shareable buffer device 2 size 6291456 ptr 0x7ea5f7a00000
em10:1114299:1115180 [0] NCCL INFO Imported shareable buffer device 0 size 6291456 ptr 0x734c77a00000
em10:1114300:1115184 [1] NCCL INFO Imported shareable buffer device 1 size 2097152 ptr 0x78a423e00000
em10:1114300:1115184 [1] NCCL INFO Imported shareable buffer device 1 size 6291456 ptr 0x78a43fa00000
em10:1114300:1115184 [1] NCCL INFO Imported shareable buffer device 1 size 2097152 ptr 0x78a42be00000
em10:1114302:1115190 [3] NCCL INFO Connected all rings
em10:1114302:1115262 [3] NCCL INFO New proxy recv connection 8 from local rank 3, transport 0
em10:1114302:1115262 [3] NCCL INFO proxyProgressAsync opId=0x7d0e58007e20 op.type=1 op.reqBuff=0x7d0e5000a890 op.respSize=16 done
em10:1114299:1115180 [0] NCCL INFO Connected all rings
em10:1114302:1115190 [3] NCCL INFO ncclPollProxyResponse Received new opId=0x7d0e58007e20
em10:1114302:1115262 [3] NCCL INFO Received and initiated operation=Init res=0
em10:1114302:1115190 [3] NCCL INFO resp.opId=0x7d0e58007e20 matches expected opId=0x7d0e58007e20
em10:1114302:1115190 [3] NCCL INFO Connected to proxy localRank 3 -> connection 0x7d0e500014d0
em10:1114301:1115185 [2] NCCL INFO Connected all rings
em10:1114299:1115258 [0] NCCL INFO New proxy recv connection 8 from local rank 0, transport 0
em10:1114300:1115184 [1] NCCL INFO Connected all rings
em10:1114299:1115258 [0] NCCL INFO proxyProgressAsync opId=0x734c40007e20 op.type=1 op.reqBuff=0x734c4800a760 op.respSize=16 done
em10:1114300:1115184 [1] NCCL INFO Channel 01/0 : 1[5] -> 2[6] via P2P/IPC
em10:1114299:1115180 [0] NCCL INFO ncclPollProxyResponse Received new opId=0x734c40007e20
em10:1114301:1115264 [2] NCCL INFO New proxy recv connection 8 from local rank 2, transport 0
em10:1114299:1115258 [0] NCCL INFO Received and initiated operation=Init res=0
em10:1114302:1115262 [3] NCCL INFO transport/p2p.cc:215 Cuda Alloc Size 6291456 pointer 0x7d0e93400000
em10:1114299:1115180 [0] NCCL INFO resp.opId=0x734c40007e20 matches expected opId=0x734c40007e20
em10:1114301:1115264 [2] NCCL INFO proxyProgressAsync opId=0x7ea5c4007e20 op.type=1 op.reqBuff=0x7ea5bc00a750 op.respSize=16 done
em10:1114300:1115260 [1] NCCL INFO New proxy send connection 8 from local rank 1, transport 0
em10:1114299:1115180 [0] NCCL INFO Connected to proxy localRank 0 -> connection 0x734c48001600
em10:1114302:1115262 [3] NCCL INFO Allocated shareable buffer 0x7d0e93400000 size 6291456 ipcDesc 0x7d0e5000a8c0
em10:1114302:1115262 [3] NCCL INFO proxyProgressAsync opId=0x7d0e58007e20 op.type=3 op.reqBuff=0x7d0e5000b4a0 op.respSize=80 done
em10:1114301:1115185 [2] NCCL INFO ncclPollProxyResponse Received new opId=0x7ea5c4007e20
em10:1114302:1115190 [3] NCCL INFO ncclPollProxyResponse Received new opId=0x7d0e58007e20
em10:1114300:1115260 [1] NCCL INFO proxyProgressAsync opId=0x78a40c007e20 op.type=1 op.reqBuff=0x78a40400a890 op.respSize=16 done
em10:1114302:1115262 [3] NCCL INFO Received and initiated operation=Setup res=0
em10:1114301:1115264 [2] NCCL INFO Received and initiated operation=Init res=0
em10:1114302:1115190 [3] NCCL INFO resp.opId=0x7d0e58007e20 matches expected opId=0x7d0e58007e20
em10:1114301:1115185 [2] NCCL INFO resp.opId=0x7ea5c4007e20 matches expected opId=0x7ea5c4007e20
em10:1114300:1115184 [1] NCCL INFO ncclPollProxyResponse Received new opId=0x78a40c007e20
em10:1114301:1115185 [2] NCCL INFO Connected to proxy localRank 2 -> connection 0x7ea5bc0014d0
em10:1114302:1115262 [3] NCCL INFO New proxy recv connection 9 from local rank 3, transport 0
em10:1114300:1115260 [1] NCCL INFO Received and initiated operation=Init res=0
em10:1114302:1115262 [3] NCCL INFO proxyProgressAsync opId=0x7d0e58007e20 op.type=1 op.reqBuff=0x7d0e5000b4a0 op.respSize=16 done
em10:1114300:1115184 [1] NCCL INFO resp.opId=0x78a40c007e20 matches expected opId=0x78a40c007e20
em10:1114302:1115190 [3] NCCL INFO ncclPollProxyResponse Received new opId=0x7d0e58007e20
em10:1114300:1115184 [1] NCCL INFO Connected to proxy localRank 1 -> connection 0x78a4040014d0
em10:1114299:1115258 [0] NCCL INFO transport/p2p.cc:215 Cuda Alloc Size 10485760 pointer 0x734c7f400000
em10:1114302:1115262 [3] NCCL INFO Received and initiated operation=Init res=0
em10:1114302:1115190 [3] NCCL INFO resp.opId=0x7d0e58007e20 matches expected opId=0x7d0e58007e20
em10:1114302:1115190 [3] NCCL INFO Connected to proxy localRank 3 -> connection 0x7d0e50001548
em10:1114299:1115258 [0] NCCL INFO Allocated shareable buffer 0x734c7f400000 size 10485760 ipcDesc 0x734c48009b30
em10:1114299:1115258 [0] NCCL INFO proxyProgressAsync opId=0x734c40007e20 op.type=3 op.reqBuff=0x734c4800b400 op.respSize=80 done
em10:1114299:1115180 [0] NCCL INFO ncclPollProxyResponse Received new opId=0x734c40007e20
em10:1114299:1115258 [0] NCCL INFO Received and initiated operation=Setup res=0
em10:1114299:1115180 [0] NCCL INFO resp.opId=0x734c40007e20 matches expected opId=0x734c40007e20
em10:1114299:1115258 [0] NCCL INFO New proxy recv connection 9 from local rank 0, transport 0
em10:1114299:1115258 [0] NCCL INFO proxyProgressAsync opId=0x734c40007e20 op.type=1 op.reqBuff=0x734c4800b400 op.respSize=16 done
em10:1114301:1115264 [2] NCCL INFO transport/p2p.cc:215 Cuda Alloc Size 10485760 pointer 0x7ea5ff400000
em10:1114299:1115180 [0] NCCL INFO ncclPollProxyResponse Received new opId=0x734c40007e20
em10:1114299:1115258 [0] NCCL INFO Received and initiated operation=Init res=0
em10:1114301:1115264 [2] NCCL INFO Allocated shareable buffer 0x7ea5ff400000 size 10485760 ipcDesc 0x7ea5bc00a780
em10:1114301:1115264 [2] NCCL INFO proxyProgressAsync opId=0x7ea5c4007e20 op.type=3 op.reqBuff=0x7ea5bc00b400 op.respSize=80 done
em10:1114299:1115180 [0] NCCL INFO resp.opId=0x734c40007e20 matches expected opId=0x734c40007e20
em10:1114299:1115180 [0] NCCL INFO Connected to proxy localRank 0 -> connection 0x734c48001678
em10:1114300:1115260 [1] NCCL INFO transport/p2p.cc:215 Cuda Alloc Size 2097152 pointer 0x78a481e00000
em10:1114301:1115185 [2] NCCL INFO ncclPollProxyResponse Received new opId=0x7ea5c4007e20
em10:1114302:1115262 [3] NCCL INFO transport/p2p.cc:215 Cuda Alloc Size 6291456 pointer 0x7d0e93a00000
em10:1114301:1115264 [2] NCCL INFO Received and initiated operation=Setup res=0
em10:1114300:1115260 [1] NCCL INFO Allocated shareable buffer 0x78a481e00000 size 2097152 ipcDesc 0x78a40400a8c0
em10:1114300:1115260 [1] NCCL INFO proxyProgressAsync opId=0x78a40c007e20 op.type=3 op.reqBuff=0x78a40400b4a0 op.respSize=80 done
em10:1114301:1115185 [2] NCCL INFO resp.opId=0x7ea5c4007e20 matches expected opId=0x7ea5c4007e20
em10:1114302:1115262 [3] NCCL INFO Allocated shareable buffer 0x7d0e93a00000 size 6291456 ipcDesc 0x7d0e5000a8c0
em10:1114302:1115262 [3] NCCL INFO proxyProgressAsync opId=0x7d0e58007e20 op.type=3 op.reqBuff=0x7d0e5000c0f0 op.respSize=80 done
em10:1114300:1115184 [1] NCCL INFO ncclPollProxyResponse Received new opId=0x78a40c007e20
em10:1114300:1115260 [1] NCCL INFO Received and initiated operation=Setup res=0
em10:1114302:1115190 [3] NCCL INFO ncclPollProxyResponse Received new opId=0x7d0e58007e20
em10:1114300:1115184 [1] NCCL INFO resp.opId=0x78a40c007e20 matches expected opId=0x78a40c007e20
em10:1114302:1115262 [3] NCCL INFO Received and initiated operation=Setup res=0
em10:1114302:1115190 [3] NCCL INFO resp.opId=0x7d0e58007e20 matches expected opId=0x7d0e58007e20
em10:1114300:1115184 [1] NCCL INFO Channel 03/0 : 1[5] -> 2[6] via P2P/IPC
em10:1114302:1115190 [3] NCCL INFO Channel 01/0 : 3[7] -> 0[4] via P2P/IPC
em10:1114302:1115262 [3] NCCL INFO New proxy send connection 10 from local rank 3, transport 0
em10:1114302:1115262 [3] NCCL INFO proxyProgressAsync opId=0x7d0e58007e20 op.type=1 op.reqBuff=0x7d0e5000c0f0 op.respSize=16 done
em10:1114301:1115264 [2] NCCL INFO New proxy recv connection 9 from local rank 2, transport 0
em10:1114300:1115260 [1] NCCL INFO New proxy send connection 9 from local rank 1, transport 0
em10:1114301:1115264 [2] NCCL INFO proxyProgressAsync opId=0x7ea5c4007e20 op.type=1 op.reqBuff=0x7ea5bc00b400 op.respSize=16 done
em10:1114302:1115190 [3] NCCL INFO ncclPollProxyResponse Received new opId=0x7d0e58007e20
em10:1114300:1115260 [1] NCCL INFO proxyProgressAsync opId=0x78a40c007e20 op.type=1 op.reqBuff=0x78a40400b4a0 op.respSize=16 done
em10:1114302:1115262 [3] NCCL INFO Received and initiated operation=Init res=0
em10:1114301:1115185 [2] NCCL INFO ncclPollProxyResponse Received new opId=0x7ea5c4007e20
em10:1114300:1115184 [1] NCCL INFO ncclPollProxyResponse Received new opId=0x78a40c007e20
em10:1114302:1115190 [3] NCCL INFO resp.opId=0x7d0e58007e20 matches expected opId=0x7d0e58007e20
em10:1114301:1115264 [2] NCCL INFO Received and initiated operation=Init res=0
em10:1114302:1115190 [3] NCCL INFO Connected to proxy localRank 3 -> connection 0x7d0e500015c0
em10:1114300:1115260 [1] NCCL INFO Received and initiated operation=Init res=0
em10:1114300:1115184 [1] NCCL INFO resp.opId=0x78a40c007e20 matches expected opId=0x78a40c007e20
em10:1114301:1115185 [2] NCCL INFO resp.opId=0x7ea5c4007e20 matches expected opId=0x7ea5c4007e20
em10:1114299:1115258 [0] NCCL INFO transport/p2p.cc:215 Cuda Alloc Size 10485760 pointer 0x734c83400000
em10:1114300:1115184 [1] NCCL INFO Connected to proxy localRank 1 -> connection 0x78a404001548
em10:1114301:1115185 [2] NCCL INFO Connected to proxy localRank 2 -> connection 0x7ea5bc001548
em10:1114299:1115258 [0] NCCL INFO Allocated shareable buffer 0x734c83400000 size 10485760 ipcDesc 0x734c48009b30
em10:1114299:1115258 [0] NCCL INFO proxyProgressAsync opId=0x734c40007e20 op.type=3 op.reqBuff=0x734c4800c050 op.respSize=80 done
em10:1114302:1115262 [3] NCCL INFO transport/p2p.cc:215 Cuda Alloc Size 2097152 pointer 0x7d0e7fe00000
em10:1114299:1115180 [0] NCCL INFO ncclPollProxyResponse Received new opId=0x734c40007e20
em10:1114302:1115262 [3] NCCL INFO Allocated shareable buffer 0x7d0e7fe00000 size 2097152 ipcDesc 0x7d0e5000a8c0
em10:1114299:1115258 [0] NCCL INFO Received and initiated operation=Setup res=0
em10:1114302:1115262 [3] NCCL INFO proxyProgressAsync opId=0x7d0e58007e20 op.type=3 op.reqBuff=0x7d0e5000cca0 op.respSize=80 done
em10:1114299:1115180 [0] NCCL INFO resp.opId=0x734c40007e20 matches expected opId=0x734c40007e20
em10:1114302:1115190 [3] NCCL INFO ncclPollProxyResponse Received new opId=0x7d0e58007e20
em10:1114300:1115260 [1] NCCL INFO transport/p2p.cc:215 Cuda Alloc Size 2097152 pointer 0x78a437c00000
em10:1114302:1115262 [3] NCCL INFO Received and initiated operation=Setup res=0
em10:1114301:1115264 [2] NCCL INFO transport/p2p.cc:215 Cuda Alloc Size 10485760 pointer 0x7ea603400000
em10:1114300:1115260 [1] NCCL INFO Allocated shareable buffer 0x78a437c00000 size 2097152 ipcDesc 0x78a40400a8c0
em10:1114302:1115190 [3] NCCL INFO resp.opId=0x7d0e58007e20 matches expected opId=0x7d0e58007e20
em10:1114300:1115260 [1] NCCL INFO proxyProgressAsync opId=0x78a40c007e20 op.type=3 op.reqBuff=0x78a40400c050 op.respSize=80 done
em10:1114302:1115190 [3] NCCL INFO Channel 03/0 : 3[7] -> 0[4] via P2P/IPC
em10:1114301:1115264 [2] NCCL INFO Allocated shareable buffer 0x7ea603400000 size 10485760 ipcDesc 0x7ea5bc00a780
em10:1114301:1115264 [2] NCCL INFO proxyProgressAsync opId=0x7ea5c4007e20 op.type=3 op.reqBuff=0x7ea5bc00c050 op.respSize=80 done
em10:1114300:1115184 [1] NCCL INFO ncclPollProxyResponse Received new opId=0x78a40c007e20
em10:1114302:1115262 [3] NCCL INFO New proxy send connection 11 from local rank 3, transport 0
em10:1114300:1115260 [1] NCCL INFO Received and initiated operation=Setup res=0
em10:1114302:1115262 [3] NCCL INFO proxyProgressAsync opId=0x7d0e58007e20 op.type=1 op.reqBuff=0x7d0e5000cca0 op.respSize=16 done
em10:1114300:1115184 [1] NCCL INFO resp.opId=0x78a40c007e20 matches expected opId=0x78a40c007e20
em10:1114301:1115185 [2] NCCL INFO ncclPollProxyResponse Received new opId=0x7ea5c4007e20
em10:1114302:1115190 [3] NCCL INFO ncclPollProxyResponse Received new opId=0x7d0e58007e20
em10:1114301:1115264 [2] NCCL INFO Received and initiated operation=Setup res=0
em10:1114302:1115262 [3] NCCL INFO Received and initiated operation=Init res=0
em10:1114301:1115185 [2] NCCL INFO resp.opId=0x7ea5c4007e20 matches expected opId=0x7ea5c4007e20
em10:1114302:1115190 [3] NCCL INFO resp.opId=0x7d0e58007e20 matches expected opId=0x7d0e58007e20
em10:1114302:1115190 [3] NCCL INFO Connected to proxy localRank 3 -> connection 0x7d0e50001638
em10:1114301:1115185 [2] NCCL INFO Channel 01/0 : 2[6] -> 3[7] via P2P/IPC/read
em10:1114301:1115264 [2] NCCL INFO New proxy send connection 10 from local rank 2, transport 0
em10:1114301:1115264 [2] NCCL INFO proxyProgressAsync opId=0x7ea5c4007e20 op.type=1 op.reqBuff=0x7ea5bc00c050 op.respSize=16 done
em10:1114302:1115262 [3] NCCL INFO transport/p2p.cc:215 Cuda Alloc Size 2097152 pointer 0x7d0e87c00000
em10:1114301:1115185 [2] NCCL INFO ncclPollProxyResponse Received new opId=0x7ea5c4007e20
em10:1114302:1115262 [3] NCCL INFO Allocated shareable buffer 0x7d0e87c00000 size 2097152 ipcDesc 0x7d0e5000a8c0
em10:1114302:1115262 [3] NCCL INFO proxyProgressAsync opId=0x7d0e58007e20 op.type=3 op.reqBuff=0x7d0e5000d850 op.respSize=80 done
em10:1114301:1115264 [2] NCCL INFO Received and initiated operation=Init res=0
em10:1114301:1115185 [2] NCCL INFO resp.opId=0x7ea5c4007e20 matches expected opId=0x7ea5c4007e20
em10:1114302:1115190 [3] NCCL INFO ncclPollProxyResponse Received new opId=0x7d0e58007e20
em10:1114302:1115262 [3] NCCL INFO Received and initiated operation=Setup res=0
em10:1114301:1115185 [2] NCCL INFO Connected to proxy localRank 2 -> connection 0x7ea5bc0015c0
em10:1114302:1115190 [3] NCCL INFO resp.opId=0x7d0e58007e20 matches expected opId=0x7d0e58007e20
em10:1114299:1115258 [0] NCCL INFO New proxy recv connection 10 from local rank 0, transport 0
em10:1114299:1115258 [0] NCCL INFO proxyProgressAsync opId=0x734c40007e20 op.type=1 op.reqBuff=0x734c4800c050 op.respSize=16 done
em10:1114299:1115180 [0] NCCL INFO ncclPollProxyResponse Received new opId=0x734c40007e20
em10:1114301:1115264 [2] NCCL INFO transport/p2p.cc:215 Cuda Alloc Size 6291456 pointer 0x7ea607400000
em10:1114299:1115258 [0] NCCL INFO Received and initiated operation=Init res=0
em10:1114301:1115264 [2] NCCL INFO Allocated shareable buffer 0x7ea607400000 size 6291456 ipcDesc 0x7ea5bc00a780
em10:1114299:1115180 [0] NCCL INFO resp.opId=0x734c40007e20 matches expected opId=0x734c40007e20
em10:1114299:1115180 [0] NCCL INFO Connected to proxy localRank 0 -> connection 0x734c480016f0
em10:1114301:1115264 [2] NCCL INFO proxyProgressAsync opId=0x7ea5c4007e20 op.type=3 op.reqBuff=0x7ea5bc00cca0 op.respSize=80 done
em10:1114301:1115185 [2] NCCL INFO ncclPollProxyResponse Received new opId=0x7ea5c4007e20
em10:1114301:1115264 [2] NCCL INFO Received and initiated operation=Setup res=0
em10:1114301:1115185 [2] NCCL INFO resp.opId=0x7ea5c4007e20 matches expected opId=0x7ea5c4007e20
em10:1114299:1115258 [0] NCCL INFO transport/p2p.cc:215 Cuda Alloc Size 6291456 pointer 0x734c87400000
em10:1114301:1115185 [2] NCCL INFO Channel 03/0 : 2[6] -> 3[7] via P2P/IPC/read
em10:1114299:1115258 [0] NCCL INFO Allocated shareable buffer 0x734c87400000 size 6291456 ipcDesc 0x734c48009b30
em10:1114301:1115264 [2] NCCL INFO New proxy send connection 11 from local rank 2, transport 0
em10:1114299:1115258 [0] NCCL INFO proxyProgressAsync opId=0x734c40007e20 op.type=3 op.reqBuff=0x734c4800cca0 op.respSize=80 done
em10:1114301:1115264 [2] NCCL INFO proxyProgressAsync opId=0x7ea5c4007e20 op.type=1 op.reqBuff=0x7ea5bc00cca0 op.respSize=16 done
em10:1114301:1115185 [2] NCCL INFO ncclPollProxyResponse Received new opId=0x7ea5c4007e20
em10:1114299:1115180 [0] NCCL INFO ncclPollProxyResponse Received new opId=0x734c40007e20
em10:1114301:1115264 [2] NCCL INFO Received and initiated operation=Init res=0
em10:1114299:1115258 [0] NCCL INFO Received and initiated operation=Setup res=0
em10:1114301:1115185 [2] NCCL INFO resp.opId=0x7ea5c4007e20 matches expected opId=0x7ea5c4007e20
em10:1114299:1115180 [0] NCCL INFO resp.opId=0x734c40007e20 matches expected opId=0x734c40007e20
em10:1114301:1115185 [2] NCCL INFO Connected to proxy localRank 2 -> connection 0x7ea5bc001638
em10:1114299:1115258 [0] NCCL INFO New proxy recv connection 11 from local rank 0, transport 0
em10:1114299:1115258 [0] NCCL INFO proxyProgressAsync opId=0x734c40007e20 op.type=1 op.reqBuff=0x734c4800cca0 op.respSize=16 done
em10:1114299:1115180 [0] NCCL INFO ncclPollProxyResponse Received new opId=0x734c40007e20
em10:1114299:1115258 [0] NCCL INFO Received and initiated operation=Init res=0
em10:1114299:1115180 [0] NCCL INFO resp.opId=0x734c40007e20 matches expected opId=0x734c40007e20
em10:1114299:1115180 [0] NCCL INFO Connected to proxy localRank 0 -> connection 0x734c48001768
em10:1114301:1115264 [2] NCCL INFO transport/p2p.cc:215 Cuda Alloc Size 6291456 pointer 0x7ea607a00000
em10:1114301:1115264 [2] NCCL INFO Allocated shareable buffer 0x7ea607a00000 size 6291456 ipcDesc 0x7ea5bc00a780
em10:1114301:1115264 [2] NCCL INFO proxyProgressAsync opId=0x7ea5c4007e20 op.type=3 op.reqBuff=0x7ea5bc00d8f0 op.respSize=80 done
em10:1114301:1115185 [2] NCCL INFO ncclPollProxyResponse Received new opId=0x7ea5c4007e20
em10:1114301:1115264 [2] NCCL INFO Received and initiated operation=Setup res=0
em10:1114301:1115185 [2] NCCL INFO resp.opId=0x7ea5c4007e20 matches expected opId=0x7ea5c4007e20
em10:1114299:1115258 [0] NCCL INFO transport/p2p.cc:215 Cuda Alloc Size 6291456 pointer 0x734c87a00000
em10:1114299:1115258 [0] NCCL INFO Allocated shareable buffer 0x734c87a00000 size 6291456 ipcDesc 0x734c48009b30
em10:1114299:1115258 [0] NCCL INFO proxyProgressAsync opId=0x734c40007e20 op.type=3 op.reqBuff=0x734c4800d8f0 op.respSize=80 done
em10:1114299:1115180 [0] NCCL INFO ncclPollProxyResponse Received new opId=0x734c40007e20
em10:1114299:1115258 [0] NCCL INFO Received and initiated operation=Setup res=0
em10:1114299:1115180 [0] NCCL INFO resp.opId=0x734c40007e20 matches expected opId=0x734c40007e20
em10:1114300:1115260 [1] NCCL INFO New proxy recv connection 10 from local rank 1, transport 0
em10:1114300:1115260 [1] NCCL INFO proxyProgressAsync opId=0x78a40c007e20 op.type=1 op.reqBuff=0x78a40400c050 op.respSize=16 done
em10:1114300:1115184 [1] NCCL INFO ncclPollProxyResponse Received new opId=0x78a40c007e20
em10:1114302:1115190 [3] NCCL INFO Channel 00/0 : 3[7] -> 2[6] via P2P/IPC/read
em10:1114301:1115264 [2] NCCL INFO New proxy recv connection 12 from local rank 2, transport 0
em10:1114301:1115264 [2] NCCL INFO proxyProgressAsync opId=0x7ea5c4007e20 op.type=1 op.reqBuff=0x7ea5bc00d8f0 op.respSize=16 done
em10:1114300:1115260 [1] NCCL INFO Received and initiated operation=Init res=0
em10:1114301:1115185 [2] NCCL INFO ncclPollProxyResponse Received new opId=0x7ea5c4007e20
em10:1114300:1115184 [1] NCCL INFO resp.opId=0x78a40c007e20 matches expected opId=0x78a40c007e20
em10:1114301:1115264 [2] NCCL INFO Received and initiated operation=Init res=0
em10:1114302:1115262 [3] NCCL INFO New proxy send connection 12 from local rank 3, transport 0
em10:1114301:1115185 [2] NCCL INFO resp.opId=0x7ea5c4007e20 matches expected opId=0x7ea5c4007e20
em10:1114300:1115184 [1] NCCL INFO Connected to proxy localRank 1 -> connection 0x78a4040015c0
em10:1114302:1115262 [3] NCCL INFO proxyProgressAsync opId=0x7d0e58007e20 op.type=1 op.reqBuff=0x7d0e5000d850 op.respSize=16 done
em10:1114301:1115185 [2] NCCL INFO Connected to proxy localRank 2 -> connection 0x7ea5bc0016b0
em10:1114302:1115190 [3] NCCL INFO ncclPollProxyResponse Received new opId=0x7d0e58007e20
em10:1114302:1115262 [3] NCCL INFO Received and initiated operation=Init res=0
em10:1114302:1115190 [3] NCCL INFO resp.opId=0x7d0e58007e20 matches expected opId=0x7d0e58007e20
em10:1114302:1115190 [3] NCCL INFO Connected to proxy localRank 3 -> connection 0x7d0e500016b0
em10:1114301:1115264 [2] NCCL INFO transport/p2p.cc:215 Cuda Alloc Size 6291456 pointer 0x7ea61f600000
em10:1114300:1115260 [1] NCCL INFO transport/p2p.cc:215 Cuda Alloc Size 10485760 pointer 0x78a443400000
em10:1114301:1115264 [2] NCCL INFO Allocated shareable buffer 0x7ea61f600000 size 6291456 ipcDesc 0x7ea5bc00a780
em10:1114301:1115264 [2] NCCL INFO proxyProgressAsync opId=0x7ea5c4007e20 op.type=3 op.reqBuff=0x7ea5bc00e4a0 op.respSize=80 done
em10:1114300:1115260 [1] NCCL INFO Allocated shareable buffer 0x78a443400000 size 10485760 ipcDesc 0x78a40400a8c0
em10:1114300:1115260 [1] NCCL INFO proxyProgressAsync opId=0x78a40c007e20 op.type=3 op.reqBuff=0x78a40400cca0 op.respSize=80 done
em10:1114301:1115185 [2] NCCL INFO ncclPollProxyResponse Received new opId=0x7ea5c4007e20
em10:1114302:1115262 [3] NCCL INFO transport/p2p.cc:215 Cuda Alloc Size 6291456 pointer 0x7d0e97400000
em10:1114301:1115264 [2] NCCL INFO Received and initiated operation=Setup res=0
em10:1114300:1115184 [1] NCCL INFO ncclPollProxyResponse Received new opId=0x78a40c007e20
em10:1114301:1115185 [2] NCCL INFO resp.opId=0x7ea5c4007e20 matches expected opId=0x7ea5c4007e20
em10:1114302:1115262 [3] NCCL INFO Allocated shareable buffer 0x7d0e97400000 size 6291456 ipcDesc 0x7d0e5000a8c0
em10:1114300:1115260 [1] NCCL INFO Received and initiated operation=Setup res=0
em10:1114302:1115262 [3] NCCL INFO proxyProgressAsync opId=0x7d0e58007e20 op.type=3 op.reqBuff=0x7d0e5000e4a0 op.respSize=80 done
em10:1114300:1115184 [1] NCCL INFO resp.opId=0x78a40c007e20 matches expected opId=0x78a40c007e20
em10:1114302:1115190 [3] NCCL INFO ncclPollProxyResponse Received new opId=0x7d0e58007e20
em10:1114301:1115264 [2] NCCL INFO New proxy recv connection 13 from local rank 2, transport 0
em10:1114302:1115262 [3] NCCL INFO Received and initiated operation=Setup res=0
em10:1114301:1115264 [2] NCCL INFO proxyProgressAsync opId=0x7ea5c4007e20 op.type=1 op.reqBuff=0x7ea5bc00e4a0 op.respSize=16 done
em10:1114300:1115260 [1] NCCL INFO New proxy recv connection 11 from local rank 1, transport 0
em10:1114302:1115190 [3] NCCL INFO resp.opId=0x7d0e58007e20 matches expected opId=0x7d0e58007e20
em10:1114300:1115260 [1] NCCL INFO proxyProgressAsync opId=0x78a40c007e20 op.type=1 op.reqBuff=0x78a40400cca0 op.respSize=16 done
em10:1114301:1115185 [2] NCCL INFO ncclPollProxyResponse Received new opId=0x7ea5c4007e20
em10:1114302:1115190 [3] NCCL INFO Channel 02/0 : 3[7] -> 2[6] via P2P/IPC/read
em10:1114300:1115184 [1] NCCL INFO ncclPollProxyResponse Received new opId=0x78a40c007e20
em10:1114301:1115264 [2] NCCL INFO Received and initiated operation=Init res=0
em10:1114300:1115260 [1] NCCL INFO Received and initiated operation=Init res=0
em10:1114302:1115262 [3] NCCL INFO New proxy send connection 13 from local rank 3, transport 0
em10:1114301:1115185 [2] NCCL INFO resp.opId=0x7ea5c4007e20 matches expected opId=0x7ea5c4007e20
em10:1114300:1115184 [1] NCCL INFO resp.opId=0x78a40c007e20 matches expected opId=0x78a40c007e20
em10:1114302:1115262 [3] NCCL INFO proxyProgressAsync opId=0x7d0e58007e20 op.type=1 op.reqBuff=0x7d0e5000e4a0 op.respSize=16 done
em10:1114301:1115185 [2] NCCL INFO Connected to proxy localRank 2 -> connection 0x7ea5bc001728
em10:1114300:1115184 [1] NCCL INFO Connected to proxy localRank 1 -> connection 0x78a404001638
em10:1114302:1115190 [3] NCCL INFO ncclPollProxyResponse Received new opId=0x7d0e58007e20
em10:1114302:1115262 [3] NCCL INFO Received and initiated operation=Init res=0
em10:1114302:1115190 [3] NCCL INFO resp.opId=0x7d0e58007e20 matches expected opId=0x7d0e58007e20
em10:1114302:1115190 [3] NCCL INFO Connected to proxy localRank 3 -> connection 0x7d0e50001728
em10:1114301:1115264 [2] NCCL INFO transport/p2p.cc:215 Cuda Alloc Size 6291456 pointer 0x7ea625400000
em10:1114301:1115264 [2] NCCL INFO Allocated shareable buffer 0x7ea625400000 size 6291456 ipcDesc 0x7ea5bc00a780
em10:1114301:1115264 [2] NCCL INFO proxyProgressAsync opId=0x7ea5c4007e20 op.type=3 op.reqBuff=0x7ea5bc00f0f0 op.respSize=80 done
em10:1114300:1115260 [1] NCCL INFO transport/p2p.cc:215 Cuda Alloc Size 10485760 pointer 0x78a447400000
em10:1114301:1115185 [2] NCCL INFO ncclPollProxyResponse Received new opId=0x7ea5c4007e20
em10:1114300:1115260 [1] NCCL INFO Allocated shareable buffer 0x78a447400000 size 10485760 ipcDesc 0x78a40400a8c0
em10:1114301:1115264 [2] NCCL INFO Received and initiated operation=Setup res=0
em10:1114302:1115262 [3] NCCL INFO transport/p2p.cc:215 Cuda Alloc Size 6291456 pointer 0x7d0e97a00000
em10:1114300:1115260 [1] NCCL INFO proxyProgressAsync opId=0x78a40c007e20 op.type=3 op.reqBuff=0x78a40400d8f0 op.respSize=80 done
em10:1114301:1115185 [2] NCCL INFO resp.opId=0x7ea5c4007e20 matches expected opId=0x7ea5c4007e20
em10:1114302:1115262 [3] NCCL INFO Allocated shareable buffer 0x7d0e97a00000 size 6291456 ipcDesc 0x7d0e5000a8c0
em10:1114302:1115262 [3] NCCL INFO proxyProgressAsync opId=0x7d0e58007e20 op.type=3 op.reqBuff=0x7d0e5000f0f0 op.respSize=80 done
em10:1114301:1115185 [2] NCCL INFO Channel 00/0 : 2[6] -> 1[5] via P2P/IPC
em10:1114302:1115190 [3] NCCL INFO ncclPollProxyResponse Received new opId=0x7d0e58007e20
em10:1114300:1115184 [1] NCCL INFO ncclPollProxyResponse Received new opId=0x78a40c007e20
em10:1114302:1115262 [3] NCCL INFO Received and initiated operation=Setup res=0
em10:1114300:1115260 [1] NCCL INFO Received and initiated operation=Setup res=0
em10:1114302:1115190 [3] NCCL INFO resp.opId=0x7d0e58007e20 matches expected opId=0x7d0e58007e20
em10:1114300:1115184 [1] NCCL INFO resp.opId=0x78a40c007e20 matches expected opId=0x78a40c007e20
em10:1114300:1115184 [1] NCCL INFO Channel 00/0 : 1[5] -> 0[4] via P2P/IPC/read
em10:1114301:1115264 [2] NCCL INFO New proxy send connection 14 from local rank 2, transport 0
em10:1114301:1115264 [2] NCCL INFO proxyProgressAsync opId=0x7ea5c4007e20 op.type=1 op.reqBuff=0x7ea5bc00f0f0 op.respSize=16 done
em10:1114301:1115185 [2] NCCL INFO ncclPollProxyResponse Received new opId=0x7ea5c4007e20
em10:1114301:1115264 [2] NCCL INFO Received and initiated operation=Init res=0
em10:1114300:1115260 [1] NCCL INFO New proxy send connection 12 from local rank 1, transport 0
em10:1114301:1115185 [2] NCCL INFO resp.opId=0x7ea5c4007e20 matches expected opId=0x7ea5c4007e20
em10:1114300:1115260 [1] NCCL INFO proxyProgressAsync opId=0x78a40c007e20 op.type=1 op.reqBuff=0x78a40400d8f0 op.respSize=16 done
em10:1114301:1115185 [2] NCCL INFO Connected to proxy localRank 2 -> connection 0x7ea5bc0017a0
em10:1114300:1115184 [1] NCCL INFO ncclPollProxyResponse Received new opId=0x78a40c007e20
em10:1114300:1115260 [1] NCCL INFO Received and initiated operation=Init res=0
em10:1114300:1115184 [1] NCCL INFO resp.opId=0x78a40c007e20 matches expected opId=0x78a40c007e20
em10:1114300:1115184 [1] NCCL INFO Connected to proxy localRank 1 -> connection 0x78a4040016b0
em10:1114301:1115264 [2] NCCL INFO transport/p2p.cc:215 Cuda Alloc Size 2097152 pointer 0x7ea5efe00000
em10:1114301:1115264 [2] NCCL INFO Allocated shareable buffer 0x7ea5efe00000 size 2097152 ipcDesc 0x7ea5bc00a780
em10:1114301:1115264 [2] NCCL INFO proxyProgressAsync opId=0x7ea5c4007e20 op.type=3 op.reqBuff=0x7ea5bc00fe80 op.respSize=80 done
em10:1114301:1115185 [2] NCCL INFO ncclPollProxyResponse Received new opId=0x7ea5c4007e20
em10:1114301:1115264 [2] NCCL INFO Received and initiated operation=Setup res=0
em10:1114301:1115185 [2] NCCL INFO resp.opId=0x7ea5c4007e20 matches expected opId=0x7ea5c4007e20
em10:1114300:1115260 [1] NCCL INFO transport/p2p.cc:215 Cuda Alloc Size 6291456 pointer 0x78a44b400000
em10:1114301:1115185 [2] NCCL INFO Channel 02/0 : 2[6] -> 1[5] via P2P/IPC
em10:1114300:1115260 [1] NCCL INFO Allocated shareable buffer 0x78a44b400000 size 6291456 ipcDesc 0x78a40400a8c0
em10:1114301:1115264 [2] NCCL INFO New proxy send connection 15 from local rank 2, transport 0
em10:1114300:1115260 [1] NCCL INFO proxyProgressAsync opId=0x78a40c007e20 op.type=3 op.reqBuff=0x78a40400e540 op.respSize=80 done
em10:1114301:1115264 [2] NCCL INFO proxyProgressAsync opId=0x7ea5c4007e20 op.type=1 op.reqBuff=0x7ea5bc00fe80 op.respSize=16 done
em10:1114301:1115264 [2] NCCL INFO Received and initiated operation=Init res=0
em10:1114300:1115184 [1] NCCL INFO ncclPollProxyResponse Received new opId=0x78a40c007e20
em10:1114300:1115260 [1] NCCL INFO Received and initiated operation=Setup res=0
em10:1114300:1115184 [1] NCCL INFO resp.opId=0x78a40c007e20 matches expected opId=0x78a40c007e20
em10:1114300:1115184 [1] NCCL INFO Channel 02/0 : 1[5] -> 0[4] via P2P/IPC/read
em10:1114301:1115185 [2] NCCL INFO ncclPollProxyResponse Received new opId=0x7ea5c4007e20
em10:1114300:1115260 [1] NCCL INFO New proxy send connection 13 from local rank 1, transport 0
em10:1114300:1115260 [1] NCCL INFO proxyProgressAsync opId=0x78a40c007e20 op.type=1 op.reqBuff=0x78a40400e540 op.respSize=16 done
em10:1114301:1115185 [2] NCCL INFO resp.opId=0x7ea5c4007e20 matches expected opId=0x7ea5c4007e20
em10:1114300:1115184 [1] NCCL INFO ncclPollProxyResponse Received new opId=0x78a40c007e20
em10:1114301:1115185 [2] NCCL INFO Connected to proxy localRank 2 -> connection 0x7ea5bc001818
em10:1114300:1115260 [1] NCCL INFO Received and initiated operation=Init res=0
em10:1114300:1115184 [1] NCCL INFO resp.opId=0x78a40c007e20 matches expected opId=0x78a40c007e20
em10:1114300:1115184 [1] NCCL INFO Connected to proxy localRank 1 -> connection 0x78a404001728
em10:1114301:1115264 [2] NCCL INFO transport/p2p.cc:215 Cuda Alloc Size 2097152 pointer 0x7ea5f3c00000
em10:1114301:1115264 [2] NCCL INFO Allocated shareable buffer 0x7ea5f3c00000 size 2097152 ipcDesc 0x7ea5bc00a780
em10:1114301:1115264 [2] NCCL INFO proxyProgressAsync opId=0x7ea5c4007e20 op.type=3 op.reqBuff=0x7ea5bc010a30 op.respSize=80 done
em10:1114301:1115185 [2] NCCL INFO ncclPollProxyResponse Received new opId=0x7ea5c4007e20
em10:1114300:1115260 [1] NCCL INFO transport/p2p.cc:215 Cuda Alloc Size 6291456 pointer 0x78a44ba00000
em10:1114301:1115264 [2] NCCL INFO Received and initiated operation=Setup res=0
em10:1114301:1115185 [2] NCCL INFO resp.opId=0x7ea5c4007e20 matches expected opId=0x7ea5c4007e20
em10:1114300:1115260 [1] NCCL INFO Allocated shareable buffer 0x78a44ba00000 size 6291456 ipcDesc 0x78a40400a8c0
em10:1114300:1115260 [1] NCCL INFO proxyProgressAsync opId=0x78a40c007e20 op.type=3 op.reqBuff=0x78a40400f190 op.respSize=80 done
em10:1114300:1115184 [1] NCCL INFO ncclPollProxyResponse Received new opId=0x78a40c007e20
em10:1114300:1115260 [1] NCCL INFO Received and initiated operation=Setup res=0
em10:1114300:1115184 [1] NCCL INFO resp.opId=0x78a40c007e20 matches expected opId=0x78a40c007e20
em10:1114302:1115190 [3] NCCL INFO Imported shareable buffer device 3 size 10485760 ptr 0x7d0e9b400000
em10:1114301:1115185 [2] NCCL INFO Imported shareable buffer device 2 size 6291456 ptr 0x7ea625a00000
em10:1114302:1115190 [3] NCCL INFO Imported shareable buffer device 3 size 6291456 ptr 0x7d0eb3600000
em10:1114299:1115180 [0] NCCL INFO Imported shareable buffer device 0 size 2097152 ptr 0x734c6fe00000
em10:1114300:1115184 [1] NCCL INFO Imported shareable buffer device 1 size 10485760 ptr 0x78a463600000
em10:1114301:1115185 [2] NCCL INFO Imported shareable buffer device 2 size 2097152 ptr 0x7ea5f3e00000
em10:1114302:1115190 [3] NCCL INFO Imported shareable buffer device 3 size 10485760 ptr 0x7d0eb9400000
em10:1114299:1115180 [0] NCCL INFO Imported shareable buffer device 0 size 2097152 ptr 0x734c73c00000
em10:1114300:1115184 [1] NCCL INFO Imported shareable buffer device 1 size 10485760 ptr 0x78a469400000
em10:1114302:1115190 [3] NCCL INFO Imported shareable buffer device 3 size 6291456 ptr 0x7d0e48000000
em10:1114301:1115185 [2] NCCL INFO Imported shareable buffer device 2 size 6291456 ptr 0x7ea5b4000000
em10:1114299:1115180 [0] NCCL INFO Imported shareable buffer device 0 size 6291456 ptr 0x734c9f600000
em10:1114300:1115184 [1] NCCL INFO Imported shareable buffer device 1 size 6291456 ptr 0x78a3fc000000
em10:1114302:1115190 [3] NCCL INFO Imported shareable buffer device 3 size 6291456 ptr 0x7d0e48600000
em10:1114301:1115185 [2] NCCL INFO Imported shareable buffer device 2 size 2097152 ptr 0x7ea5b4600000
em10:1114300:1115184 [1] NCCL INFO Imported shareable buffer device 1 size 2097152 ptr 0x78a3fc600000
em10:1114302:1115190 [3] NCCL INFO Imported shareable buffer device 3 size 6291456 ptr 0x7d0e48c00000
em10:1114301:1115185 [2] NCCL INFO Imported shareable buffer device 2 size 10485760 ptr 0x7ea5b4800000
em10:1114300:1115184 [1] NCCL INFO Imported shareable buffer device 1 size 6291456 ptr 0x78a3fc800000
em10:1114299:1115180 [0] NCCL INFO Imported shareable buffer device 0 size 6291456 ptr 0x734ca5400000
em10:1114301:1115185 [2] NCCL INFO Imported shareable buffer device 2 size 6291456 ptr 0x7ea5b5200000
